
H:\User Daten\Visual C# Projects\TvWishList\TvWishListGitRepository\TvWishList>REM ************************************************************************* 

H:\User Daten\Visual C# Projects\TvWishList\TvWishListGitRepository\TvWishList>REM DEFINE VARIABLES 

H:\User Daten\Visual C# Projects\TvWishList\TvWishListGitRepository\TvWishList>REM ************************************************************************* 

H:\User Daten\Visual C# Projects\TvWishList\TvWishListGitRepository\TvWishList>REM  

H:\User Daten\Visual C# Projects\TvWishList\TvWishListGitRepository\TvWishList>SET OLDVERSION=1.3.0.9 

H:\User Daten\Visual C# Projects\TvWishList\TvWishListGitRepository\TvWishList>SET NEWVERSION=1.3.0.10 

H:\User Daten\Visual C# Projects\TvWishList\TvWishListGitRepository\TvWishList>SET MSFRAMEPATH="C:\Windows\Microsoft.NET\Framework\v3.5\MSBuild.exe" 

H:\User Daten\Visual C# Projects\TvWishList\TvWishListGitRepository\TvWishList>SET MSFRAMEPATH_MP2="C:\Windows\Microsoft.NET\Framework\v4.0.30319\MSBuild.exe" 

H:\User Daten\Visual C# Projects\TvWishList\TvWishListGitRepository\TvWishList>REM SET FILE_REPLACE=..\FileReplaceString.exe 

H:\User Daten\Visual C# Projects\TvWishList\TvWishListGitRepository\TvWishList>SET FILE_REPLACE=FileReplaceString.exe 

H:\User Daten\Visual C# Projects\TvWishList\TvWishListGitRepository\TvWishList>REM ******************************END VARIABLES****************************** 

H:\User Daten\Visual C# Projects\TvWishList\TvWishListGitRepository\TvWishList>REM ************************************************************************* 

H:\User Daten\Visual C# Projects\TvWishList\TvWishListGitRepository\TvWishList>REM Version Update 

H:\User Daten\Visual C# Projects\TvWishList\TvWishListGitRepository\TvWishList>REM ************************************************************************* 

H:\User Daten\Visual C# Projects\TvWishList\TvWishListGitRepository\TvWishList>MOVE TvWishList.V.1.3.0.9.odt TvWishList.V.1.3.0.10.odt 
Das System kann die angegebene Datei nicht finden.

H:\User Daten\Visual C# Projects\TvWishList\TvWishListGitRepository\TvWishList>DEL TvWishList.Source\MPEI2\*.mpe1 
H:\User Daten\Visual C# Projects\TvWishList\TvWishListGitRepository\TvWishList\TvWishList.Source\MPEI2\*.mpe1 konnte nicht gefunden werden

H:\User Daten\Visual C# Projects\TvWishList\TvWishListGitRepository\TvWishList>DEL TvWishList.Source\MPEI2\*.xml 
H:\User Daten\Visual C# Projects\TvWishList\TvWishListGitRepository\TvWishList\TvWishList.Source\MPEI2\*.xml konnte nicht gefunden werden

H:\User Daten\Visual C# Projects\TvWishList\TvWishListGitRepository\TvWishList>REM ************************************************************************** 

H:\User Daten\Visual C# Projects\TvWishList\TvWishListGitRepository\TvWishList>REM Language Conversion From Transifex 

H:\User Daten\Visual C# Projects\TvWishList\TvWishListGitRepository\TvWishList>REM "H:\User Daten\Visual C# Projects\TvWishList\TvWishListGitRepository\TvWishList\LanguageConverter.bat" 

H:\User Daten\Visual C# Projects\TvWishList\TvWishListGitRepository\TvWishList>REM ************************************************************************** 

H:\User Daten\Visual C# Projects\TvWishList\TvWishListGitRepository\TvWishList>REM ************************************************************************** 

H:\User Daten\Visual C# Projects\TvWishList\TvWishListGitRepository\TvWishList>REM Plugin Code 

H:\User Daten\Visual C# Projects\TvWishList\TvWishListGitRepository\TvWishList>REM ************************************************************************** 

H:\User Daten\Visual C# Projects\TvWishList\TvWishListGitRepository\TvWishList>FileReplaceString.exe "TvWishList.Source\TvWishList1.2\TvWishList\TvWishList.cs" 1.3.0.9 1.3.0.10 
FileReplaceString <filename> <search string> <replace string>
Will replace the search string by the replace string for each match 
within the ASCII file filename
args=3
filename=TvWishList.Source\TvWishList1.2\TvWishList\TvWishList.cs
search string=1.3.0.9
replace string=1.3.0.10

H:\User Daten\Visual C# Projects\TvWishList\TvWishListGitRepository\TvWishList>FileReplaceString.exe "TvWishList.Source\TvWishList1.2\TvWishList\Properties\AssemblyInfo.cs" 1.3.0.9 1.3.0.10 
FileReplaceString <filename> <search string> <replace string>
Will replace the search string by the replace string for each match 
within the ASCII file filename
args=3
filename=TvWishList.Source\TvWishList1.2\TvWishList\Properties\AssemblyInfo.cs
search string=1.3.0.9
replace string=1.3.0.10

H:\User Daten\Visual C# Projects\TvWishList\TvWishListGitRepository\TvWishList>FileReplaceString.exe "TvWishList.Source\TvWishList1.2\TvWishList\TvWish.cs" 1.3.0.9 1.3.0.10 
FileReplaceString <filename> <search string> <replace string>
Will replace the search string by the replace string for each match 
within the ASCII file filename
args=3
filename=TvWishList.Source\TvWishList1.2\TvWishList\TvWish.cs
search string=1.3.0.9
replace string=1.3.0.10

H:\User Daten\Visual C# Projects\TvWishList\TvWishListGitRepository\TvWishList>FileReplaceString.exe "TvWishList.Source\TvWishList1.1\TvWishList\TvWishList.cs" 1.3.0.9 1.3.0.10 
FileReplaceString <filename> <search string> <replace string>
Will replace the search string by the replace string for each match 
within the ASCII file filename
args=3
filename=TvWishList.Source\TvWishList1.1\TvWishList\TvWishList.cs
search string=1.3.0.9
replace string=1.3.0.10

H:\User Daten\Visual C# Projects\TvWishList\TvWishListGitRepository\TvWishList>FileReplaceString.exe "TvWishList.Source\TvWishList1.1\TvWishList\Properties\AssemblyInfo.cs" 1.3.0.9 1.3.0.10 
FileReplaceString <filename> <search string> <replace string>
Will replace the search string by the replace string for each match 
within the ASCII file filename
args=3
filename=TvWishList.Source\TvWishList1.1\TvWishList\Properties\AssemblyInfo.cs
search string=1.3.0.9
replace string=1.3.0.10

H:\User Daten\Visual C# Projects\TvWishList\TvWishListGitRepository\TvWishList>FileReplaceString.exe "TvWishList.Source\TvWishList1.0.1\TvWishList\TvWishList.cs" 1.3.0.9 1.3.0.10 
FileReplaceString <filename> <search string> <replace string>
Will replace the search string by the replace string for each match 
within the ASCII file filename
args=3
filename=TvWishList.Source\TvWishList1.0.1\TvWishList\TvWishList.cs
search string=1.3.0.9
replace string=1.3.0.10

H:\User Daten\Visual C# Projects\TvWishList\TvWishListGitRepository\TvWishList>FileReplaceString.exe "TvWishList.Source\TvWishList1.0.1\TvWishList\Properties\AssemblyInfo.cs" 1.3.0.9 1.3.0.10 
FileReplaceString <filename> <search string> <replace string>
Will replace the search string by the replace string for each match 
within the ASCII file filename
args=3
filename=TvWishList.Source\TvWishList1.0.1\TvWishList\Properties\AssemblyInfo.cs
search string=1.3.0.9
replace string=1.3.0.10

H:\User Daten\Visual C# Projects\TvWishList\TvWishListGitRepository\TvWishList>FileReplaceString.exe "TvWishList.Source\TvWishListMP1.2\TvWishListMP\CommonCodeMP1MP2\Common_Main_GUI.cs" 1.3.0.9 1.3.0.10 
FileReplaceString <filename> <search string> <replace string>
Will replace the search string by the replace string for each match 
within the ASCII file filename
args=3
filename=TvWishList.Source\TvWishListMP1.2\TvWishListMP\CommonCodeMP1MP2\Common_Main_GUI.cs
search string=1.3.0.9
replace string=1.3.0.10

H:\User Daten\Visual C# Projects\TvWishList\TvWishListGitRepository\TvWishList>FileReplaceString.exe "TvWishList.Source\TvWishListMP1.2\TvWishListMP\MP1_Main_GUI.cs" 1.3.0.9 1.3.0.10 
FileReplaceString <filename> <search string> <replace string>
Will replace the search string by the replace string for each match 
within the ASCII file filename
args=3
filename=TvWishList.Source\TvWishListMP1.2\TvWishListMP\MP1_Main_GUI.cs
search string=1.3.0.9
replace string=1.3.0.10

H:\User Daten\Visual C# Projects\TvWishList\TvWishListGitRepository\TvWishList>FileReplaceString.exe "TvWishList.Source\TvWishListMP1.2\TvWishListMP\CommonCodeMP1MP2\TvWish.cs" 1.3.0.9 1.3.0.10 
FileReplaceString <filename> <search string> <replace string>
Will replace the search string by the replace string for each match 
within the ASCII file filename
args=3
filename=TvWishList.Source\TvWishListMP1.2\TvWishListMP\CommonCodeMP1MP2\TvWish.cs
search string=1.3.0.9
replace string=1.3.0.10

H:\User Daten\Visual C# Projects\TvWishList\TvWishListGitRepository\TvWishList>FileReplaceString.exe "TvWishList.Source\TvWishListMP1.2\TvWishListMP\Properties\AssemblyInfo.cs" 1.3.0.9 1.3.0.10 
FileReplaceString <filename> <search string> <replace string>
Will replace the search string by the replace string for each match 
within the ASCII file filename
args=3
filename=TvWishList.Source\TvWishListMP1.2\TvWishListMP\Properties\AssemblyInfo.cs
search string=1.3.0.9
replace string=1.3.0.10

H:\User Daten\Visual C# Projects\TvWishList\TvWishListGitRepository\TvWishList>FileReplaceString.exe "TvWishList.Source\Install\Install\InstallSetup.cs" 1.3.0.9 1.3.0.10 
FileReplaceString <filename> <search string> <replace string>
Will replace the search string by the replace string for each match 
within the ASCII file filename
args=3
filename=TvWishList.Source\Install\Install\InstallSetup.cs
search string=1.3.0.9
replace string=1.3.0.10

H:\User Daten\Visual C# Projects\TvWishList\TvWishListGitRepository\TvWishList>FileReplaceString.exe "TvWishList.Source\Install\Install\InstallSetup.Designer.cs" 1.3.0.9 1.3.0.10 
FileReplaceString <filename> <search string> <replace string>
Will replace the search string by the replace string for each match 
within the ASCII file filename
args=3
filename=TvWishList.Source\Install\Install\InstallSetup.Designer.cs
search string=1.3.0.9
replace string=1.3.0.10

H:\User Daten\Visual C# Projects\TvWishList\TvWishListGitRepository\TvWishList>FileReplaceString.exe "TvWishList.Source\Install\Install\Properties\AssemblyInfo.cs" 1.3.0.9 1.3.0.10 
FileReplaceString <filename> <search string> <replace string>
Will replace the search string by the replace string for each match 
within the ASCII file filename
args=3
filename=TvWishList.Source\Install\Install\Properties\AssemblyInfo.cs
search string=1.3.0.9
replace string=1.3.0.10

H:\User Daten\Visual C# Projects\TvWishList\TvWishListGitRepository\TvWishList>FileReplaceString.exe "TvWishList.Source\MPEI2\TvWishList.xmp2" 1.3.0.9 1.3.0.10 
FileReplaceString <filename> <search string> <replace string>
Will replace the search string by the replace string for each match 
within the ASCII file filename
args=3
filename=TvWishList.Source\MPEI2\TvWishList.xmp2
search string=1.3.0.9
replace string=1.3.0.10

H:\User Daten\Visual C# Projects\TvWishList\TvWishListGitRepository\TvWishList>REM MP2 

H:\User Daten\Visual C# Projects\TvWishList\TvWishListGitRepository\TvWishList>FileReplaceString.exe "TvWishList.Source\MP2 TvWishListMP2\TvWishListMP2\TvWishListMP2\CommonCodeMP1MP2\TvWish.cs" 1.3.0.9 1.3.0.10 
FileReplaceString <filename> <search string> <replace string>
Will replace the search string by the replace string for each match 
within the ASCII file filename
args=3
filename=TvWishList.Source\MP2 TvWishListMP2\TvWishListMP2\TvWishListMP2\CommonCodeMP1MP2\TvWish.cs
search string=1.3.0.9
replace string=1.3.0.10

H:\User Daten\Visual C# Projects\TvWishList\TvWishListGitRepository\TvWishList>FileReplaceString.exe "TvWishList.Source\MP2 TvWishListMP2\TvWishListMP2\TvWishListMP2\CommonCodeMP1MP2\Common_Main_GUI.cs" 1.3.0.9 1.3.0.10 
FileReplaceString <filename> <search string> <replace string>
Will replace the search string by the replace string for each match 
within the ASCII file filename
args=3
filename=TvWishList.Source\MP2 TvWishListMP2\TvWishListMP2\TvWishListMP2\CommonCodeMP1MP2\Common_Main_GUI.cs
search string=1.3.0.9
replace string=1.3.0.10

H:\User Daten\Visual C# Projects\TvWishList\TvWishListGitRepository\TvWishList>FileReplaceString.exe "TvWishList.Source\MP2 TvWishListMP2\TvWishListMP2\TvWishListMP2\Properties\AssemblyInfo.cs" 1.3.0.9 1.3.0.10 
FileReplaceString <filename> <search string> <replace string>
Will replace the search string by the replace string for each match 
within the ASCII file filename
args=3
filename=TvWishList.Source\MP2 TvWishListMP2\TvWishListMP2\TvWishListMP2\Properties\AssemblyInfo.cs
search string=1.3.0.9
replace string=1.3.0.10

H:\User Daten\Visual C# Projects\TvWishList\TvWishListGitRepository\TvWishList>FileReplaceString.exe "TvWishList.Source\MP2 TvWishListMP2\TvWishListInterface\TvWishListInterface\Properties\AssemblyInfo.cs" 1.3.0.9 1.3.0.10 
FileReplaceString <filename> <search string> <replace string>
Will replace the search string by the replace string for each match 
within the ASCII file filename
args=3
filename=TvWishList.Source\MP2 TvWishListMP2\TvWishListInterface\TvWishListInterface\Properties\AssemblyInfo.cs
search string=1.3.0.9
replace string=1.3.0.10

H:\User Daten\Visual C# Projects\TvWishList\TvWishListGitRepository\TvWishList>FileReplaceString.exe "TvWishList.Source\MP2 TvWishListMP2\TvWishListMPExtendedProvider0.5\TvWishListMPExtendedProvider0.5\Properties\AssemblyInfo.cs" 1.3.0.9 1.3.0.10 
FileReplaceString <filename> <search string> <replace string>
Will replace the search string by the replace string for each match 
within the ASCII file filename
args=3
filename=TvWishList.Source\MP2 TvWishListMP2\TvWishListMPExtendedProvider0.5\TvWishListMPExtendedProvider0.5\Properties\AssemblyInfo.cs
search string=1.3.0.9
replace string=1.3.0.10

H:\User Daten\Visual C# Projects\TvWishList\TvWishListGitRepository\TvWishList>FileReplaceString.exe "TvWishList.Source\MP2 TvWishListMP2\TvWishListMP2\TvWishListMP2\plugin.xml" 1.3.0.9 1.3.0.10 
FileReplaceString <filename> <search string> <replace string>
Will replace the search string by the replace string for each match 
within the ASCII file filename
args=3
filename=TvWishList.Source\MP2 TvWishListMP2\TvWishListMP2\TvWishListMP2\plugin.xml
search string=1.3.0.9
replace string=1.3.0.10

H:\User Daten\Visual C# Projects\TvWishList\TvWishListGitRepository\TvWishList>FileReplaceString.exe MP.release.r2d2.bat 1.3.0.9 1.3.0.10 
FileReplaceString <filename> <search string> <replace string>
Will replace the search string by the replace string for each match 
within the ASCII file filename
args=3
filename=MP.release.r2d2.bat
search string=1.3.0.9
replace string=1.3.0.10

H:\User Daten\Visual C# Projects\TvWishList\TvWishListGitRepository\TvWishList>FileReplaceString.exe MP2.release.r2d2.bat 1.3.0.9 1.3.0.10 
FileReplaceString <filename> <search string> <replace string>
Will replace the search string by the replace string for each match 
within the ASCII file filename
args=3
filename=MP2.release.r2d2.bat
search string=1.3.0.9
replace string=1.3.0.10

H:\User Daten\Visual C# Projects\TvWishList\TvWishListGitRepository\TvWishList>REM ******************** END VERSION UPDATE ******************** 

H:\User Daten\Visual C# Projects\TvWishList\TvWishListGitRepository\TvWishList>REM ************************************************************************* 

H:\User Daten\Visual C# Projects\TvWishList\TvWishListGitRepository\TvWishList>REM Update Different Versions 

H:\User Daten\Visual C# Projects\TvWishList\TvWishListGitRepository\TvWishList>REM ************************************************************************* 

H:\User Daten\Visual C# Projects\TvWishList\TvWishListGitRepository\TvWishList>CD TvWishList.Source 

H:\User Daten\Visual C# Projects\TvWishList\TvWishListGitRepository\TvWishList\TvWishList.Source>COPY /Y "TvWishList1.2\TvWishList\TvWishList.cs" "TvWishList1.0.1\TvWishList\TvWishList.cs" 
        1 Datei(en) kopiert.

H:\User Daten\Visual C# Projects\TvWishList\TvWishListGitRepository\TvWishList\TvWishList.Source>COPY /Y "TvWishList1.2\TvWishList\TvWishList.setup.cs" "TvWishList1.0.1\TvWishList\TvWishList.setup.cs" 
        1 Datei(en) kopiert.

H:\User Daten\Visual C# Projects\TvWishList\TvWishListGitRepository\TvWishList\TvWishList.Source>COPY /Y "TvWishList1.2\TvWishList\TvWishList.setup.resx" "TvWishList1.0.1\TvWishList\TvWishList.setup.resx" 
        1 Datei(en) kopiert.

H:\User Daten\Visual C# Projects\TvWishList\TvWishListGitRepository\TvWishList\TvWishList.Source>COPY /Y "TvWishList1.2\TvWishList\TvWishList.setup.Designer.cs" "TvWishList1.0.1\TvWishList\TvWishList.setup.Designer.cs" 
        1 Datei(en) kopiert.

H:\User Daten\Visual C# Projects\TvWishList\TvWishListGitRepository\TvWishList\TvWishList.Source>COPY /Y "TvWishList1.2\TvWishList\EpgClass.cs" "TvWishList1.0.1\TvWishList\EpgClass.cs" 
        1 Datei(en) kopiert.

H:\User Daten\Visual C# Projects\TvWishList\TvWishListGitRepository\TvWishList\TvWishList.Source>COPY /Y "TvWishList1.2\TvWishList\InstallPaths.cs" "TvWishList1.0.1\TvWishList\InstallPaths.cs" 
        1 Datei(en) kopiert.

H:\User Daten\Visual C# Projects\TvWishList\TvWishListGitRepository\TvWishList\TvWishList.Source>COPY /Y "TvWishList1.2\TvWishList\Messages.cs" "TvWishList1.0.1\TvWishList\Messages.cs" 
        1 Datei(en) kopiert.

H:\User Daten\Visual C# Projects\TvWishList\TvWishListGitRepository\TvWishList\TvWishList.Source>COPY /Y "TvWishList1.2\TvWishList\TvWish.cs" "TvWishList1.0.1\TvWishList\TvWish.cs" 
        1 Datei(en) kopiert.

H:\User Daten\Visual C# Projects\TvWishList\TvWishListGitRepository\TvWishList\TvWishList.Source>COPY /Y "TvWishList1.2\TvWishList\Log.cs" "TvWishList1.0.1\TvWishList\Log.cs" 
        1 Datei(en) kopiert.

H:\User Daten\Visual C# Projects\TvWishList\TvWishListGitRepository\TvWishList\TvWishList.Source>COPY /Y "TvWishList1.2\TvWishList\LanguageTranslation.cs" "TvWishList1.0.1\TvWishList\LanguageTranslation.cs" 
        1 Datei(en) kopiert.

H:\User Daten\Visual C# Projects\TvWishList\TvWishListGitRepository\TvWishList\TvWishList.Source>COPY /Y "TvWishList1.2\TvWishList\TvWishList.cs" "TvWishList1.1\TvWishList\TvWishList.cs" 
        1 Datei(en) kopiert.

H:\User Daten\Visual C# Projects\TvWishList\TvWishListGitRepository\TvWishList\TvWishList.Source>COPY /Y "TvWishList1.2\TvWishList\TvWishList.setup.cs" "TvWishList1.1\TvWishList\TvWishList.setup.cs" 
        1 Datei(en) kopiert.

H:\User Daten\Visual C# Projects\TvWishList\TvWishListGitRepository\TvWishList\TvWishList.Source>COPY /Y "TvWishList1.2\TvWishList\TvWishList.setup.resx" "TvWishList1.1\TvWishList\TvWishList.setup.resx" 
        1 Datei(en) kopiert.

H:\User Daten\Visual C# Projects\TvWishList\TvWishListGitRepository\TvWishList\TvWishList.Source>COPY /Y "TvWishList1.2\TvWishList\TvWishList.setup.Designer.cs" "TvWishList1.1\TvWishList\TvWishList.setup.Designer.cs" 
        1 Datei(en) kopiert.

H:\User Daten\Visual C# Projects\TvWishList\TvWishListGitRepository\TvWishList\TvWishList.Source>COPY /Y "TvWishList1.2\TvWishList\EpgClass.cs" "TvWishList1.1\TvWishList\EpgClass.cs" 
        1 Datei(en) kopiert.

H:\User Daten\Visual C# Projects\TvWishList\TvWishListGitRepository\TvWishList\TvWishList.Source>COPY /Y "TvWishList1.2\TvWishList\InstallPaths.cs" "TvWishList1.1\TvWishList\InstallPaths.cs" 
        1 Datei(en) kopiert.

H:\User Daten\Visual C# Projects\TvWishList\TvWishListGitRepository\TvWishList\TvWishList.Source>COPY /Y "TvWishList1.2\TvWishList\Messages.cs" "TvWishList1.1\TvWishList\Messages.cs" 
        1 Datei(en) kopiert.

H:\User Daten\Visual C# Projects\TvWishList\TvWishListGitRepository\TvWishList\TvWishList.Source>COPY /Y "TvWishList1.2\TvWishList\TvWish.cs" "TvWishList1.1\TvWishList\TvWish.cs" 
        1 Datei(en) kopiert.

H:\User Daten\Visual C# Projects\TvWishList\TvWishListGitRepository\TvWishList\TvWishList.Source>COPY /Y "TvWishList1.2\TvWishList\Log.cs" "TvWishList1.1\TvWishList\Log.cs" 
        1 Datei(en) kopiert.

H:\User Daten\Visual C# Projects\TvWishList\TvWishListGitRepository\TvWishList\TvWishList.Source>COPY /Y "TvWishList1.2\TvWishList\LanguageTranslation.cs" "TvWishList1.1\TvWishList\LanguageTranslation.cs" 
        1 Datei(en) kopiert.

H:\User Daten\Visual C# Projects\TvWishList\TvWishListGitRepository\TvWishList\TvWishList.Source>COPY /Y "TvWishListMP1.2\TvWishListMP\MP1_Main_GUI.cs" "TvWishListMP1.1\TvWishListMP\MP1_Main_GUI.cs" 
        1 Datei(en) kopiert.

H:\User Daten\Visual C# Projects\TvWishList\TvWishListGitRepository\TvWishList\TvWishList.Source>COPY /Y "TvWishListMP1.2\TvWishListMP\MP1_Edit_GUI.cs" "TvWishListMP1.1\TvWishListMP\MP1_Edit_GUI.cs" 
        1 Datei(en) kopiert.

H:\User Daten\Visual C# Projects\TvWishList\TvWishListGitRepository\TvWishList\TvWishList.Source>COPY /Y "TvWishListMP1.2\TvWishListMP\MP1_Result_GUI.cs" "TvWishListMP1.1\TvWishListMP\MP1_Result_GUI.cs" 
        1 Datei(en) kopiert.

H:\User Daten\Visual C# Projects\TvWishList\TvWishListGitRepository\TvWishList\TvWishList.Source>COPY /Y "TvWishListMP1.2\TvWishListMP\CommonCodeMP1MP2\Common_Main_GUI.cs" "TvWishListMP1.1\TvWishListMP\CommonCodeMP1MP2\Common_Main_GUI.cs" 
        1 Datei(en) kopiert.

H:\User Daten\Visual C# Projects\TvWishList\TvWishListGitRepository\TvWishList\TvWishList.Source>COPY /Y "TvWishListMP1.2\TvWishListMP\CommonCodeMP1MP2\Common_Edit_GUI.cs" "TvWishListMP1.1\TvWishListMP\CommonCodeMP1MP2\Common_Edit_GUI.cs" 
        1 Datei(en) kopiert.

H:\User Daten\Visual C# Projects\TvWishList\TvWishListGitRepository\TvWishList\TvWishList.Source>COPY /Y "TvWishListMP1.2\TvWishListMP\CommonCodeMP1MP2\Common_Result_GUI.cs" "TvWishListMP1.1\TvWishListMP\CommonCodeMP1MP2\Common_Result_GUI.cs" 
        1 Datei(en) kopiert.

H:\User Daten\Visual C# Projects\TvWishList\TvWishListGitRepository\TvWishList\TvWishList.Source>COPY /Y "TvWishListMP1.2\TvWishListMP\TvDatabaseConnect.cs" "TvWishListMP1.1\TvWishListMP\TvDatabaseConnect.cs" 
        1 Datei(en) kopiert.

H:\User Daten\Visual C# Projects\TvWishList\TvWishListGitRepository\TvWishList\TvWishList.Source>COPY /Y "TvWishListMP1.2\TvWishListMP\CommonCodeMP1MP2\TvWish.cs" "TvWishListMP1.1\TvWishListMP\CommonCodeMP1MP2\TvWish.cs" 
        1 Datei(en) kopiert.

H:\User Daten\Visual C# Projects\TvWishList\TvWishListGitRepository\TvWishList\TvWishList.Source>COPY /Y "TvWishListMP1.2\TvWishListMP\CommonCodeMP1MP2\Log.cs" "TvWishListMP1.1\TvWishListMP\CommonCodeMP1MP2\Log.cs" 
        1 Datei(en) kopiert.

H:\User Daten\Visual C# Projects\TvWishList\TvWishListGitRepository\TvWishList\TvWishList.Source>REM COPY /Y "TvWishListMP1.2\TvWishListMP\CommonCodeMP1MP2\InstallPaths.cs" "TvWishListMP1.1\TvWishListMP\CommonCodeMP1MP2\InstallPaths.cs" 

H:\User Daten\Visual C# Projects\TvWishList\TvWishListGitRepository\TvWishList\TvWishList.Source>COPY /Y "TvWishListMP1.2\TvWishListMP\CommonCodeMP1MP2\LocalizeStrings.cs" "TvWishListMP1.1\TvWishListMP\CommonCodeMP1MP2\LocalizeStrings.cs" 
        1 Datei(en) kopiert.

H:\User Daten\Visual C# Projects\TvWishList\TvWishListGitRepository\TvWishList\TvWishList.Source>COPY /Y "TvWishListMP1.2\TvWishListMP\CommonCodeMP1MP2\Messages.cs" "TvWishListMP1.1\TvWishListMP\CommonCodeMP1MP2\Messages.cs" 
        1 Datei(en) kopiert.

H:\User Daten\Visual C# Projects\TvWishList\TvWishListGitRepository\TvWishList\TvWishList.Source>COPY /Y "TvWishListMP1.2\TvWishListMP\Setup.cs" "TvWishListMP1.1\TvWishListMP\Setup.cs" 
        1 Datei(en) kopiert.

H:\User Daten\Visual C# Projects\TvWishList\TvWishListGitRepository\TvWishList\TvWishList.Source>COPY /Y "TvWishListMP1.2\TvWishListMP\Setup.Designer.cs" "TvWishListMP1.1\TvWishListMP\Setup.Designer.cs" 
        1 Datei(en) kopiert.

H:\User Daten\Visual C# Projects\TvWishList\TvWishListGitRepository\TvWishList\TvWishList.Source>COPY /Y "TvWishListMP1.2\TvWishListMP\Setup.resx" "TvWishListMP1.1\TvWishListMP\Setup.resx" 
        1 Datei(en) kopiert.

H:\User Daten\Visual C# Projects\TvWishList\TvWishListGitRepository\TvWishList\TvWishList.Source>REM ************************************************************************* 

H:\User Daten\Visual C# Projects\TvWishList\TvWishListGitRepository\TvWishList\TvWishList.Source>REM Compile ALL 

H:\User Daten\Visual C# Projects\TvWishList\TvWishListGitRepository\TvWishList\TvWishList.Source>REM ************************************************************************* 

H:\User Daten\Visual C# Projects\TvWishList\TvWishListGitRepository\TvWishList\TvWishList.Source>"C:\Windows\Microsoft.NET\Framework\v3.5\MSBuild.exe" TvWishList1.2\TvWishList.sln /p:Configuration=Release 
Microsoft (R)-Buildmodul, Version 3.5.30729.6387
[Microsoft .NET Framework, Version 2.0.50727.6400]
Copyright (C) Microsoft Corporation 2007. Alle Rechte vorbehalten.

Build started 01.07.2013 23:47:11.
Project "H:\User Daten\Visual C# Projects\TvWishList\TvWishListGitRepository\TvWishList\TvWishList.Source\TvWishList1.2\TvWishList.sln" on node 0 (default targets).
  Building solution configuration "Release|Any CPU".
Project "H:\User Daten\Visual C# Projects\TvWishList\TvWishListGitRepository\TvWishList\TvWishList.Source\TvWishList1.2\TvWishList.sln" (1) is building "H:\User Daten\Visual C# Projects\TvWishList\TvWishListGitRepository\TvWishList\TvWishList.Source\TvWishList1.2\TvWishList\TvWishList.csproj" (2) on node 0 (default targets).
Project file contains ToolsVersion="4.0", which is not supported by this version of MSBuild. Treating the project as if it had ToolsVersion="3.5".
EntityDeploy:
  Processing 0 EDMX files.
  Finished processing 0 EDMX files.
CoreResGen:
  Es gibt keine Ressourcen, die im Hinblick auf ihre Quelldateien veraltet sind. Die Ressourcengenerierung wird ausgelassen.
CopyFilesToOutputDirectory:
  Die Datei wird von "obj\Release\TvWishList.dll" in "bin\Release\TvWishList.dll" kopiert.
  TvWishList -> H:\User Daten\Visual C# Projects\TvWishList\TvWishListGitRepository\TvWishList\TvWishList.Source\TvWishList1.2\TvWishList\bin\Release\TvWishList.dll
  Die Datei wird von "obj\Release\TvWishList.pdb" in "bin\Release\TvWishList.pdb" kopiert.
Done Building Project "H:\User Daten\Visual C# Projects\TvWishList\TvWishListGitRepository\TvWishList\TvWishList.Source\TvWishList1.2\TvWishList\TvWishList.csproj" (default targets).
Done Building Project "H:\User Daten\Visual C# Projects\TvWishList\TvWishListGitRepository\TvWishList\TvWishList.Source\TvWishList1.2\TvWishList.sln" (default targets).

Build succeeded.
    0 Warning(s)
    0 Error(s)

Time Elapsed 00:00:01.04

H:\User Daten\Visual C# Projects\TvWishList\TvWishListGitRepository\TvWishList\TvWishList.Source>"C:\Windows\Microsoft.NET\Framework\v3.5\MSBuild.exe" TvWishList1.1\TvWishList.sln /p:Configuration=Release 
Microsoft (R)-Buildmodul, Version 3.5.30729.6387
[Microsoft .NET Framework, Version 2.0.50727.6400]
Copyright (C) Microsoft Corporation 2007. Alle Rechte vorbehalten.

Build started 01.07.2013 23:47:12.
Project "H:\User Daten\Visual C# Projects\TvWishList\TvWishListGitRepository\TvWishList\TvWishList.Source\TvWishList1.1\TvWishList.sln" on node 0 (default targets).
  Building solution configuration "Release|Any CPU".
Project "H:\User Daten\Visual C# Projects\TvWishList\TvWishListGitRepository\TvWishList\TvWishList.Source\TvWishList1.1\TvWishList.sln" (1) is building "H:\User Daten\Visual C# Projects\TvWishList\TvWishListGitRepository\TvWishList\TvWishList.Source\TvWishList1.1\TvWishList\TvWishList.csproj" (2) on node 0 (default targets).
Project file contains ToolsVersion="4.0", which is not supported by this version of MSBuild. Treating the project as if it had ToolsVersion="3.5".
CoreResGen:
  Es gibt keine Ressourcen, die im Hinblick auf ihre Quelldateien veraltet sind. Die Ressourcengenerierung wird ausgelassen.
CopyFilesToOutputDirectory:
  Die Datei wird von "obj\Release\TvWishList.dll" in "bin\Release\TvWishList.dll" kopiert.
  TvWishList -> H:\User Daten\Visual C# Projects\TvWishList\TvWishListGitRepository\TvWishList\TvWishList.Source\TvWishList1.1\TvWishList\bin\Release\TvWishList.dll
  Die Datei wird von "obj\Release\TvWishList.pdb" in "bin\Release\TvWishList.pdb" kopiert.
Done Building Project "H:\User Daten\Visual C# Projects\TvWishList\TvWishListGitRepository\TvWishList\TvWishList.Source\TvWishList1.1\TvWishList\TvWishList.csproj" (default targets).
Done Building Project "H:\User Daten\Visual C# Projects\TvWishList\TvWishListGitRepository\TvWishList\TvWishList.Source\TvWishList1.1\TvWishList.sln" (default targets).

Build succeeded.
    0 Warning(s)
    0 Error(s)

Time Elapsed 00:00:01.24

H:\User Daten\Visual C# Projects\TvWishList\TvWishListGitRepository\TvWishList\TvWishList.Source>"C:\Windows\Microsoft.NET\Framework\v3.5\MSBuild.exe" TvWishList1.0.1\TvWishList.sln /p:Configuration=Release 
Microsoft (R)-Buildmodul, Version 3.5.30729.6387
[Microsoft .NET Framework, Version 2.0.50727.6400]
Copyright (C) Microsoft Corporation 2007. Alle Rechte vorbehalten.

Build started 01.07.2013 23:47:14.
Project "H:\User Daten\Visual C# Projects\TvWishList\TvWishListGitRepository\TvWishList\TvWishList.Source\TvWishList1.0.1\TvWishList.sln" on node 0 (default targets).
  Building solution configuration "Release|Any CPU".
Project "H:\User Daten\Visual C# Projects\TvWishList\TvWishListGitRepository\TvWishList\TvWishList.Source\TvWishList1.0.1\TvWishList.sln" (1) is building "H:\User Daten\Visual C# Projects\TvWishList\TvWishListGitRepository\TvWishList\TvWishList.Source\TvWishList1.0.1\TvWishList\TvWishList.csproj" (2) on node 0 (default targets).
Project file contains ToolsVersion="4.0", which is not supported by this version of MSBuild. Treating the project as if it had ToolsVersion="3.5".
CoreResGen:
  Es gibt keine Ressourcen, die im Hinblick auf ihre Quelldateien veraltet sind. Die Ressourcengenerierung wird ausgelassen.
EpgClass.cs(94,12): warning CS0414: Dem Feld "MyTVMail.EpgParser._DeleteTimeChanges" wurde ein Wert zugewiesen, der aber nie verwendet wird.
CopyFilesToOutputDirectory:
  Die Datei wird von "obj\Release\TvWishList.dll" in "bin\Release\TvWishList.dll" kopiert.
  TvWishList -> H:\User Daten\Visual C# Projects\TvWishList\TvWishListGitRepository\TvWishList\TvWishList.Source\TvWishList1.0.1\TvWishList\bin\Release\TvWishList.dll
  Die Datei wird von "obj\Release\TvWishList.pdb" in "bin\Release\TvWishList.pdb" kopiert.
Done Building Project "H:\User Daten\Visual C# Projects\TvWishList\TvWishListGitRepository\TvWishList\TvWishList.Source\TvWishList1.0.1\TvWishList\TvWishList.csproj" (default targets).
Done Building Project "H:\User Daten\Visual C# Projects\TvWishList\TvWishListGitRepository\TvWishList\TvWishList.Source\TvWishList1.0.1\TvWishList.sln" (default targets).

Build succeeded.

"H:\User Daten\Visual C# Projects\TvWishList\TvWishListGitRepository\TvWishList\TvWishList.Source\TvWishList1.0.1\TvWishList.sln" (default target) (1) ->
"H:\User Daten\Visual C# Projects\TvWishList\TvWishListGitRepository\TvWishList\TvWishList.Source\TvWishList1.0.1\TvWishList\TvWishList.csproj" (default target) (2) ->
(CoreCompile target) -> 
  EpgClass.cs(94,12): warning CS0414: Dem Feld "MyTVMail.EpgParser._DeleteTimeChanges" wurde ein Wert zugewiesen, der aber nie verwendet wird.

    1 Warning(s)
    0 Error(s)

Time Elapsed 00:00:01.35

H:\User Daten\Visual C# Projects\TvWishList\TvWishListGitRepository\TvWishList\TvWishList.Source>"C:\Windows\Microsoft.NET\Framework\v3.5\MSBuild.exe" TvWishListMP1.1\TvWishListMP.sln /p:Configuration=Release 
Microsoft (R)-Buildmodul, Version 3.5.30729.6387
[Microsoft .NET Framework, Version 2.0.50727.6400]
Copyright (C) Microsoft Corporation 2007. Alle Rechte vorbehalten.

Build started 01.07.2013 23:47:15.
Project "H:\User Daten\Visual C# Projects\TvWishList\TvWishListGitRepository\TvWishList\TvWishList.Source\TvWishListMP1.1\TvWishListMP.sln" on node 0 (default targets).
  Building solution configuration "Release|Any CPU".
Project "H:\User Daten\Visual C# Projects\TvWishList\TvWishListGitRepository\TvWishList\TvWishList.Source\TvWishListMP1.1\TvWishListMP.sln" (1) is building "H:\User Daten\Visual C# Projects\TvWishList\TvWishListGitRepository\TvWishList\TvWishList.Source\TvWishListMP1.1\TvWishListMP\TvWishListMP.csproj" (2) on node 0 (default targets).
Project file contains ToolsVersion="4.0", which is not supported by this version of MSBuild. Treating the project as if it had ToolsVersion="3.5".
EntityDeploy:
  Processing 0 EDMX files.
  Finished processing 0 EDMX files.
CoreResGen:
  Es gibt keine Ressourcen, die im Hinblick auf ihre Quelldateien veraltet sind. Die Ressourcengenerierung wird ausgelassen.
CopyFilesToOutputDirectory:
  Die Datei wird von "obj\Release\TvWishListMP.dll" in "bin\Release\TvWishListMP.dll" kopiert.
  TvWishListMP -> H:\User Daten\Visual C# Projects\TvWishList\TvWishListGitRepository\TvWishList\TvWishList.Source\TvWishListMP1.1\TvWishListMP\bin\Release\TvWishListMP.dll
  Die Datei wird von "obj\Release\TvWishListMP.pdb" in "bin\Release\TvWishListMP.pdb" kopiert.
Done Building Project "H:\User Daten\Visual C# Projects\TvWishList\TvWishListGitRepository\TvWishList\TvWishList.Source\TvWishListMP1.1\TvWishListMP\TvWishListMP.csproj" (default targets).
Done Building Project "H:\User Daten\Visual C# Projects\TvWishList\TvWishListGitRepository\TvWishList\TvWishList.Source\TvWishListMP1.1\TvWishListMP.sln" (default targets).

Build succeeded.
    0 Warning(s)
    0 Error(s)

Time Elapsed 00:00:00.93

H:\User Daten\Visual C# Projects\TvWishList\TvWishListGitRepository\TvWishList\TvWishList.Source>"C:\Windows\Microsoft.NET\Framework\v3.5\MSBuild.exe" TvWishListMP1.2\TvWishListMP.sln /p:Configuration=Release 
Microsoft (R)-Buildmodul, Version 3.5.30729.6387
[Microsoft .NET Framework, Version 2.0.50727.6400]
Copyright (C) Microsoft Corporation 2007. Alle Rechte vorbehalten.

Build started 01.07.2013 23:47:17.
Project "H:\User Daten\Visual C# Projects\TvWishList\TvWishListGitRepository\TvWishList\TvWishList.Source\TvWishListMP1.2\TvWishListMP.sln" on node 0 (default targets).
  Building solution configuration "Release|Any CPU".
Project "H:\User Daten\Visual C# Projects\TvWishList\TvWishListGitRepository\TvWishList\TvWishList.Source\TvWishListMP1.2\TvWishListMP.sln" (1) is building "H:\User Daten\Visual C# Projects\TvWishList\TvWishListGitRepository\TvWishList\TvWishList.Source\TvWishListMP1.2\TvWishListMP\TvWishListMP.csproj" (2) on node 0 (default targets).
Project file contains ToolsVersion="4.0", which is not supported by this version of MSBuild. Treating the project as if it had ToolsVersion="3.5".
EntityDeploy:
  Processing 0 EDMX files.
  Finished processing 0 EDMX files.
CoreResGen:
  Es gibt keine Ressourcen, die im Hinblick auf ihre Quelldateien veraltet sind. Die Ressourcengenerierung wird ausgelassen.
CopyFilesToOutputDirectory:
  Die Datei wird von "obj\Release\TvWishListMP.dll" in "bin\Release\TvWishListMP.dll" kopiert.
  TvWishListMP -> H:\User Daten\Visual C# Projects\TvWishList\TvWishListGitRepository\TvWishList\TvWishList.Source\TvWishListMP1.2\TvWishListMP\bin\Release\TvWishListMP.dll
  Die Datei wird von "obj\Release\TvWishListMP.pdb" in "bin\Release\TvWishListMP.pdb" kopiert.
Done Building Project "H:\User Daten\Visual C# Projects\TvWishList\TvWishListGitRepository\TvWishList\TvWishList.Source\TvWishListMP1.2\TvWishListMP\TvWishListMP.csproj" (default targets).
Done Building Project "H:\User Daten\Visual C# Projects\TvWishList\TvWishListGitRepository\TvWishList\TvWishList.Source\TvWishListMP1.2\TvWishListMP.sln" (default targets).

Build succeeded.
    0 Warning(s)
    0 Error(s)

Time Elapsed 00:00:00.91

H:\User Daten\Visual C# Projects\TvWishList\TvWishListGitRepository\TvWishList\TvWishList.Source>"C:\Windows\Microsoft.NET\Framework\v3.5\MSBuild.exe" Install\Install.sln /p:Configuration=Release 
Microsoft (R)-Buildmodul, Version 3.5.30729.6387
[Microsoft .NET Framework, Version 2.0.50727.6400]
Copyright (C) Microsoft Corporation 2007. Alle Rechte vorbehalten.

Build started 01.07.2013 23:47:18.
Project "H:\User Daten\Visual C# Projects\TvWishList\TvWishListGitRepository\TvWishList\TvWishList.Source\Install\Install.sln" on node 0 (default targets).
  Building solution configuration "Release|Any CPU".
Project "H:\User Daten\Visual C# Projects\TvWishList\TvWishListGitRepository\TvWishList\TvWishList.Source\Install\Install.sln" (1) is building "H:\User Daten\Visual C# Projects\TvWishList\TvWishListGitRepository\TvWishList\TvWishList.Source\Install\Install\Install.csproj" (2) on node 0 (default targets).
Project file contains ToolsVersion="4.0", which is not supported by this version of MSBuild. Treating the project as if it had ToolsVersion="3.5".
EntityDeploy:
  Processing 0 EDMX files.
  Finished processing 0 EDMX files.
CoreResGen:
  Es gibt keine Ressourcen, die im Hinblick auf ihre Quelldateien veraltet sind. Die Ressourcengenerierung wird ausgelassen.
_CopyAppConfigFile:
Skipping target "_CopyAppConfigFile" because all output files are up-to-date with respect to the input files.
CopyFilesToOutputDirectory:
  Die Datei wird von "obj\Release\Install.exe" in "bin\Release\Install.exe" kopiert.
  Install -> H:\User Daten\Visual C# Projects\TvWishList\TvWishListGitRepository\TvWishList\TvWishList.Source\Install\Install\bin\Release\Install.exe
  Die Datei wird von "obj\Release\Install.pdb" in "bin\Release\Install.pdb" kopiert.
Done Building Project "H:\User Daten\Visual C# Projects\TvWishList\TvWishListGitRepository\TvWishList\TvWishList.Source\Install\Install\Install.csproj" (default targets).
Done Building Project "H:\User Daten\Visual C# Projects\TvWishList\TvWishListGitRepository\TvWishList\TvWishList.Source\Install\Install.sln" (default targets).

Build succeeded.
    0 Warning(s)
    0 Error(s)

Time Elapsed 00:00:00.76

H:\User Daten\Visual C# Projects\TvWishList\TvWishListGitRepository\TvWishList\TvWishList.Source>"C:\Windows\Microsoft.NET\Framework\v4.0.30319\MSBuild.exe" "MP2 TvWishListMP2\TvWishListInterface\TvWishListInterface\TvWishListInterface.sln" /p:Configuration=Release 
Microsoft (R)-Buildmodul, Version 4.0.30319.17929
[Microsoft .NET Framework, Version 4.0.30319.18046]
Copyright (C) Microsoft Corporation. Alle Rechte vorbehalten.

Die Projekte in dieser Projektmappe werden nacheinander erstellt. Um eine parallele Erstellung zu ermîglichen, mÅssen Sie den Schalter "/m" hinzufÅgen.
Der Buildvorgang wurde am 01.07.2013 23:47:19 gestartet.
Projekt "H:\User Daten\Visual C# Projects\TvWishList\TvWishListGitRepository\TvWishList\TvWishList.Source\MP2 TvWishListMP2\TvWishListInterface\TvWishListInterface\TvWishListInterface.sln" auf Knoten "1" (Standardziele).
ValidateSolutionConfiguration:
  Die Projektmappenkonfiguration "Release|Any CPU" wird erstellt.
Das Projekt "H:\User Daten\Visual C# Projects\TvWishList\TvWishListGitRepository\TvWishList\TvWishList.Source\MP2 TvWishListMP2\TvWishListInterface\TvWishListInterface\TvWishListInterface.sln" (1) erstellt "H:\User Daten\Visual C# Projects\TvWishList\TvWishListGitRepository\TvWishList\TvWishList.Source\MP2 TvWishListMP2\TvWishListInterface\TvWishListInterface\TvWishListInterface.csproj" (2) auf Knoten "1" (Standardziele).
GenerateTargetFrameworkMonikerAttribute:
Das Ziel "GenerateTargetFrameworkMonikerAttribute" wird Åbersprungen, da alle Ausgabedateien hinsichtlich der Eingabedateien aktuell sind.
CoreCompile:
  C:\Windows\Microsoft.NET\Framework\v4.0.30319\Csc.exe /noconfig /nowarn:1701,1702 /nostdlib+ /errorreport:prompt /warn:4 /define:TRACE /highentropyva- /reference:"C:\Program Files (x86)\Reference Assemblies\Microsoft\Framework\.NETFramework\v4.0\Microsoft.CSharp.dll" /reference:"C:\Program Files (x86)\Reference Assemblies\Microsoft\Framework\.NETFramework\v4.0\mscorlib.dll" /reference:"C:\Program Files (x86)\Reference Assemblies\Microsoft\Framework\.NETFramework\v4.0\System.Core.dll" /reference:"C:\Program Files (x86)\Reference Assemblies\Microsoft\Framework\.NETFramework\v4.0\System.Data.DataSetExtensions.dll" /reference:"C:\Program Files (x86)\Reference Assemblies\Microsoft\Framework\.NETFramework\v4.0\System.Data.dll" /reference:"C:\Program Files (x86)\Reference Assemblies\Microsoft\Framework\.NETFramework\v4.0\System.dll" /reference:"C:\Program Files (x86)\Reference Assemblies\Microsoft\Framework\.NETFramework\v4.0\System.Xml.dll" /reference:"C:\Program Files (x86)\Reference Assemblies\Microsoft\Framework\.NETFramework\v4.0\System.Xml.Linq.dll" /debug:pdbonly /filealign:512 /optimize+ /out:obj\Release\TvWishListInterface.dll /target:library /utf8output Items\Card.cs Items\Channel.cs Items\ChannelGroup.cs Items\RadioChannel.cs Items\RadioChannelGroup.cs Items\Recording.cs Items\Schedule.cs Items\ServerName.cs Items\Setting.cs Properties\AssemblyInfo.cs TvWishListMP2_ITVProvider.cs "C:\Users\Hubert\AppData\Local\Temp\.NETFramework,Version=v4.0.AssemblyAttributes.cs"
CopyFilesToOutputDirectory:
  Die Datei wird von "obj\Release\TvWishListInterface.dll" in "bin\Release\TvWishListInterface.dll" kopiert.
  TvWishListInterface -> H:\User Daten\Visual C# Projects\TvWishList\TvWishListGitRepository\TvWishList\TvWishList.Source\MP2 TvWishListMP2\TvWishListInterface\TvWishListInterface\bin\Release\TvWishListInterface.dll
  Die Datei wird von "obj\Release\TvWishListInterface.pdb" in "bin\Release\TvWishListInterface.pdb" kopiert.
PostBuildEvent:
  xcopy /Y "H:\User Daten\Visual C# Projects\TvWishList\TvWishListGitRepository\TvWishList\TvWishList.Source\MP2 TvWishListMP2\TvWishListInterface\TvWishListInterface\plugin.xml" "H:\User Daten\Visual C# Projects\TvWishList\TvWishListGitRepository\TvWishList\TvWishList.Source\MP2 TvWishListMP2\TvWishListInterface\TvWishListInterface\..\Bin\TvWishListInterface\bin\Release\Plugins\TvWishListInterface\"
  mkdir "H:\User Daten\Visual C# Projects\TvWishList\TvWishListGitRepository\TvWishList\TvWishList.Source\MP2 TvWishListMP2\TvWishListInterface\TvWishListInterface\..\Bin\TvWishListInterface\bin\Release\Plugins\TvWishListInterface\Language"
  robocopy "H:\User Daten\Visual C# Projects\TvWishList\TvWishListGitRepository\TvWishList\TvWishList.Source\MP2 TvWishListMP2\TvWishListInterface\TvWishListInterface\Language" "H:\User Daten\Visual C# Projects\TvWishList\TvWishListGitRepository\TvWishList\TvWishList.Source\MP2 TvWishListMP2\TvWishListInterface\TvWishListInterface\..\Bin\TvWishListInterface\bin\Release\Plugins\TvWishListInterface\Language" /MIR /NP
  mkdir "H:\User Daten\Visual C# Projects\TvWishList\TvWishListGitRepository\TvWishList\TvWishList.Source\MP2 TvWishListMP2\TvWishListInterface\TvWishListInterface\..\Bin\TvWishListInterface\bin\Release\Plugins\TvWishListInterface\Skin"
  robocopy "H:\User Daten\Visual C# Projects\TvWishList\TvWishListGitRepository\TvWishList\TvWishList.Source\MP2 TvWishListMP2\TvWishListInterface\TvWishListInterface\Skin" "H:\User Daten\Visual C# Projects\TvWishList\TvWishListGitRepository\TvWishList\TvWishList.Source\MP2 TvWishListMP2\TvWishListInterface\TvWishListInterface\..\Bin\TvWishListInterface\bin\Release\Plugins\TvWishListInterface\Skin" /MIR /NP
  xcopy /Y "H:\User Daten\Visual C# Projects\TvWishList\TvWishListGitRepository\TvWishList\TvWishList.Source\MP2 TvWishListMP2\TvWishListInterface\TvWishListInterface\bin\Release\TvWishListInterface.dll"  "H:\User Daten\Visual C# Projects\TvWishList\TvWishListGitRepository\TvWishList\TvWishList.Source\MP2 TvWishListMP2\TvWishListInterface\TvWishListInterface\..\Bin\TvWishListInterface\bin\Release\Plugins\TvWishListInterface\"
  Datei plugin.xml nicht gefunden
  0 Datei(en) kopiert
  Ein Unterverzeichnis oder eine Datei mit dem Namen "H:\User Daten\Visual C# Projects\TvWishList\TvWishListGitRepository\TvWishList\TvWishList.Source\MP2 TvWishListMP2\TvWishListInterface\TvWishListInterface\..\Bin\TvWishListInterface\bin\Release\Plugins\TvWishListInterface\Language" existiert bereits.
  
  -------------------------------------------------------------------------------
     ROBOCOPY     ::     Robustes Dateikopieren fÅr Windows                              
  -------------------------------------------------------------------------------
  
    Gestartet: Montag, 1. Juli 2013 23:47:19
     Quelle : H:\User Daten\Visual C# Projects\TvWishList\TvWishListGitRepository\TvWishList\TvWishList.Source\MP2 TvWishListMP2\TvWishListInterface\TvWishListInterface\Language\
       Ziel : H:\User Daten\Visual C# Projects\TvWishList\TvWishListGitRepository\TvWishList\TvWishList.Source\MP2 TvWishListMP2\TvWishListInterface\Bin\TvWishListInterface\bin\Release\Plugins\TvWishListInterface\Language\
  
      Dateien : *.*
  	    
    Optionen: *.* /S /E /DCOPY:DA /COPY:DAT /PURGE /MIR /NP /R:1000000 /W:30 
  
  ------------------------------------------------------------------------------
  
  2013/07/01 23:47:19 FEHLER 2 (0x00000002) Zugriff auf Quellverzeichnis H:\User Daten\Visual C# Projects\TvWishList\TvWishListGitRepository\TvWishList\TvWishList.Source\MP2 TvWishListMP2\TvWishListInterface\TvWishListInterface\Language\
  Das System kann die angegebene Datei nicht finden.
  
  Ein Unterverzeichnis oder eine Datei mit dem Namen "H:\User Daten\Visual C# Projects\TvWishList\TvWishListGitRepository\TvWishList\TvWishList.Source\MP2 TvWishListMP2\TvWishListInterface\TvWishListInterface\..\Bin\TvWishListInterface\bin\Release\Plugins\TvWishListInterface\Skin" existiert bereits.
  
  -------------------------------------------------------------------------------
     ROBOCOPY     ::     Robustes Dateikopieren fÅr Windows                              
  -------------------------------------------------------------------------------
  
    Gestartet: Montag, 1. Juli 2013 23:47:19
     Quelle : H:\User Daten\Visual C# Projects\TvWishList\TvWishListGitRepository\TvWishList\TvWishList.Source\MP2 TvWishListMP2\TvWishListInterface\TvWishListInterface\Skin\
       Ziel : H:\User Daten\Visual C# Projects\TvWishList\TvWishListGitRepository\TvWishList\TvWishList.Source\MP2 TvWishListMP2\TvWishListInterface\Bin\TvWishListInterface\bin\Release\Plugins\TvWishListInterface\Skin\
  
      Dateien : *.*
  	    
    Optionen: *.* /S /E /DCOPY:DA /COPY:DAT /PURGE /MIR /NP /R:1000000 /W:30 
  
  ------------------------------------------------------------------------------
  
  2013/07/01 23:47:19 FEHLER 2 (0x00000002) Zugriff auf Quellverzeichnis H:\User Daten\Visual C# Projects\TvWishList\TvWishListGitRepository\TvWishList\TvWishList.Source\MP2 TvWishListMP2\TvWishListInterface\TvWishListInterface\Skin\
  Das System kann die angegebene Datei nicht finden.
  
  H:\User Daten\Visual C# Projects\TvWishList\TvWishListGitRepository\TvWishList\TvWishList.Source\MP2 TvWishListMP2\TvWishListInterface\TvWishListInterface\bin\Release\TvWishListInterface.dll
  1 Datei(en) kopiert
Die Erstellung von Projekt "H:\User Daten\Visual C# Projects\TvWishList\TvWishListGitRepository\TvWishList\TvWishList.Source\MP2 TvWishListMP2\TvWishListInterface\TvWishListInterface\TvWishListInterface.csproj" ist abgeschlossen (Standardziele).
Die Erstellung von Projekt "H:\User Daten\Visual C# Projects\TvWishList\TvWishListGitRepository\TvWishList\TvWishList.Source\MP2 TvWishListMP2\TvWishListInterface\TvWishListInterface\TvWishListInterface.sln" ist abgeschlossen (Standardziele).

Der Buildvorgang wurde erfolgreich ausgefÅhrt.
    0 Warnung(en)
    0 Fehler

Verstrichene Zeit 00:00:00.48

H:\User Daten\Visual C# Projects\TvWishList\TvWishListGitRepository\TvWishList\TvWishList.Source>COPY /Y "MP2 TvWishListMP2\TvWishListInterface\TvWishListInterface\bin\Release\TvWishListInterface.dll" "MP2 TvWishListMP2\TvWishListMP2\TvWishListMP2\bin\Release\TvWishListInterface.dll" 
        1 Datei(en) kopiert.

H:\User Daten\Visual C# Projects\TvWishList\TvWishListGitRepository\TvWishList\TvWishList.Source>COPY /Y "MP2 TvWishListMP2\TvWishListInterface\TvWishListInterface\bin\Release\TvWishListInterface.dll" "MP2 TvWishListMP2\TvWishListMPExtendedProvider0.5\TvWishListMPExtendedProvider0.5\bin\Release\TvWishListInterface.dll" 
        1 Datei(en) kopiert.

H:\User Daten\Visual C# Projects\TvWishList\TvWishListGitRepository\TvWishList\TvWishList.Source>"C:\Windows\Microsoft.NET\Framework\v4.0.30319\MSBuild.exe" "MP2 TvWishListMP2\TvWishListMP2\TvWishListMP2.sln" /p:Configuration=Release 
Microsoft (R)-Buildmodul, Version 4.0.30319.17929
[Microsoft .NET Framework, Version 4.0.30319.18046]
Copyright (C) Microsoft Corporation. Alle Rechte vorbehalten.

Die Projekte in dieser Projektmappe werden nacheinander erstellt. Um eine parallele Erstellung zu ermîglichen, mÅssen Sie den Schalter "/m" hinzufÅgen.
Der Buildvorgang wurde am 01.07.2013 23:47:20 gestartet.
Projekt "H:\User Daten\Visual C# Projects\TvWishList\TvWishListGitRepository\TvWishList\TvWishList.Source\MP2 TvWishListMP2\TvWishListMP2\TvWishListMP2.sln" auf Knoten "1" (Standardziele).
ValidateSolutionConfiguration:
  Die Projektmappenkonfiguration "Release|Any CPU" wird erstellt.
Das Projekt "H:\User Daten\Visual C# Projects\TvWishList\TvWishListGitRepository\TvWishList\TvWishList.Source\MP2 TvWishListMP2\TvWishListMP2\TvWishListMP2.sln" (1) erstellt "H:\User Daten\Visual C# Projects\TvWishList\TvWishListGitRepository\TvWishList\TvWishList.Source\MP2 TvWishListMP2\TvWishListMP2\TvWishListMP2\TvWishListMP2.csproj" (2) auf Knoten "1" (Standardziele).
C:\Windows\Microsoft.NET\Framework\v4.0.30319\Microsoft.Common.targets(1605,5): warning MSB3270: Konflikt zwischen Prozessorarchitektur des Projekts "MSIL", das erstellt wird, und der Prozessorarchitektur des Verweises, "MediaPortal.Common, Version=1.0.0.0, Culture=neutral, processorArchitecture=x86", "x86". Dieser Konflikt kann zu Laufzeitfehlern fÅhren. éndern Sie ggf. mithilfe des Konfigurations-Managers die als Ziel angegebene Prozessorarchitektur Ihres Projekts so, dass die Prozessorarchitekturen zwischen Ihrem Projekt und den Verweisen ausgerichtet werden, oder wÑhlen Sie eine AbhÑngigkeit von Verweisen mit einer Prozessorarchitektur, die der als Ziel angegebene Prozessorarchitektur Ihres Projekts entspricht. [H:\User Daten\Visual C# Projects\TvWishList\TvWishListGitRepository\TvWishList\TvWishList.Source\MP2 TvWishListMP2\TvWishListMP2\TvWishListMP2\TvWishListMP2.csproj]
C:\Windows\Microsoft.NET\Framework\v4.0.30319\Microsoft.Common.targets(1605,5): warning MSB3270: Konflikt zwischen Prozessorarchitektur des Projekts "MSIL", das erstellt wird, und der Prozessorarchitektur des Verweises, "MediaPortal.UI, Version=1.0.0.0, Culture=neutral, processorArchitecture=x86", "x86". Dieser Konflikt kann zu Laufzeitfehlern fÅhren. éndern Sie ggf. mithilfe des Konfigurations-Managers die als Ziel angegebene Prozessorarchitektur Ihres Projekts so, dass die Prozessorarchitekturen zwischen Ihrem Projekt und den Verweisen ausgerichtet werden, oder wÑhlen Sie eine AbhÑngigkeit von Verweisen mit einer Prozessorarchitektur, die der als Ziel angegebene Prozessorarchitektur Ihres Projekts entspricht. [H:\User Daten\Visual C# Projects\TvWishList\TvWishListGitRepository\TvWishList\TvWishList.Source\MP2 TvWishListMP2\TvWishListMP2\TvWishListMP2\TvWishListMP2.csproj]
C:\Windows\Microsoft.NET\Framework\v4.0.30319\Microsoft.Common.targets(1605,5): warning MSB3270: Konflikt zwischen Prozessorarchitektur des Projekts "MSIL", das erstellt wird, und der Prozessorarchitektur des Verweises, "MediaPortal.Utilities, Version=1.0.0.0, Culture=neutral, processorArchitecture=x86", "x86". Dieser Konflikt kann zu Laufzeitfehlern fÅhren. éndern Sie ggf. mithilfe des Konfigurations-Managers die als Ziel angegebene Prozessorarchitektur Ihres Projekts so, dass die Prozessorarchitekturen zwischen Ihrem Projekt und den Verweisen ausgerichtet werden, oder wÑhlen Sie eine AbhÑngigkeit von Verweisen mit einer Prozessorarchitektur, die der als Ziel angegebene Prozessorarchitektur Ihres Projekts entspricht. [H:\User Daten\Visual C# Projects\TvWishList\TvWishListGitRepository\TvWishList\TvWishList.Source\MP2 TvWishListMP2\TvWishListMP2\TvWishListMP2\TvWishListMP2.csproj]
C:\Windows\Microsoft.NET\Framework\v4.0.30319\Microsoft.Common.targets(1605,5): warning MSB3270: Konflikt zwischen Prozessorarchitektur des Projekts "MSIL", das erstellt wird, und der Prozessorarchitektur des Verweises, "SkinEngine, Version=1.0.0.0, Culture=neutral, processorArchitecture=x86", "x86". Dieser Konflikt kann zu Laufzeitfehlern fÅhren. éndern Sie ggf. mithilfe des Konfigurations-Managers die als Ziel angegebene Prozessorarchitektur Ihres Projekts so, dass die Prozessorarchitekturen zwischen Ihrem Projekt und den Verweisen ausgerichtet werden, oder wÑhlen Sie eine AbhÑngigkeit von Verweisen mit einer Prozessorarchitektur, die der als Ziel angegebene Prozessorarchitektur Ihres Projekts entspricht. [H:\User Daten\Visual C# Projects\TvWishList\TvWishListGitRepository\TvWishList\TvWishList.Source\MP2 TvWishListMP2\TvWishListMP2\TvWishListMP2\TvWishListMP2.csproj]
C:\Windows\Microsoft.NET\Framework\v4.0.30319\Microsoft.Common.targets(1605,5): warning MSB3270: Konflikt zwischen Prozessorarchitektur des Projekts "MSIL", das erstellt wird, und der Prozessorarchitektur des Verweises, "SlimTvInterfaces, Version=1.0.0.0, Culture=neutral, processorArchitecture=x86", "x86". Dieser Konflikt kann zu Laufzeitfehlern fÅhren. éndern Sie ggf. mithilfe des Konfigurations-Managers die als Ziel angegebene Prozessorarchitektur Ihres Projekts so, dass die Prozessorarchitekturen zwischen Ihrem Projekt und den Verweisen ausgerichtet werden, oder wÑhlen Sie eine AbhÑngigkeit von Verweisen mit einer Prozessorarchitektur, die der als Ziel angegebene Prozessorarchitektur Ihres Projekts entspricht. [H:\User Daten\Visual C# Projects\TvWishList\TvWishListGitRepository\TvWishList\TvWishList.Source\MP2 TvWishListMP2\TvWishListMP2\TvWishListMP2\TvWishListMP2.csproj]
GenerateTargetFrameworkMonikerAttribute:
Das Ziel "GenerateTargetFrameworkMonikerAttribute" wird Åbersprungen, da alle Ausgabedateien hinsichtlich der Eingabedateien aktuell sind.
CoreCompile:
  C:\Windows\Microsoft.NET\Framework\v4.0.30319\Csc.exe /noconfig /nowarn:1701,1702 /nostdlib+ /errorreport:prompt /warn:4 /define:TRACE;MP2 /highentropyva- /reference:"H:\User Daten\Visual C# Projects\TvWishList\TvWishListGitRepository\TvWishList\TvWishList.Source\MP2 TvWishListMP2\TvWishListMP2\TvWishListMP2\bin\Release\MediaPortal.Common.dll" /reference:"H:\User Daten\Visual C# Projects\TvWishList\TvWishListGitRepository\TvWishList\TvWishList.Source\MP2 TvWishListMP2\TvWishListMP2\TvWishListMP2\bin\Release\MediaPortal.UI.dll" /reference:"H:\User Daten\Visual C# Projects\TvWishList\TvWishListGitRepository\TvWishList\TvWishList.Source\MP2 TvWishListMP2\TvWishListMP2\TvWishListMP2\bin\Release\MediaPortal.Utilities.dll" /reference:"H:\User Daten\Visual C# Projects\TvWishList\TvWishListGitRepository\TvWishList\TvWishList.Source\MP2 TvWishListMP2\TvWishListMP2\TvWishListMP2\bin\Release\MPExtended.Services.Common.Interfaces.dll" /reference:"H:\User Daten\Visual C# Projects\TvWishList\TvWishListGitRepository\TvWishList\TvWishList.Source\MP2 TvWishListMP2\TvWishListMP2\TvWishListMP2\bin\Release\MPExtended.Services.TVAccessService.Interfaces.dll" /reference:"C:\Program Files (x86)\Reference Assemblies\Microsoft\Framework\.NETFramework\v4.0\mscorlib.dll" /reference:"H:\User Daten\Visual C# Projects\TvWishList\TvWishListGitRepository\TvWishList\TvWishList.Source\MP2 TvWishListMP2\TvWishListMP2\TvWishListMP2\bin\Release\SkinEngine.dll" /reference:"H:\User Daten\Visual C# Projects\TvWishList\TvWishListGitRepository\TvWishList\TvWishList.Source\MP2 TvWishListMP2\TvWishListMP2\TvWishListMP2\bin\Release\SlimTvInterfaces.dll" /reference:"C:\Program Files (x86)\Reference Assemblies\Microsoft\Framework\.NETFramework\v4.0\System.Core.dll" /reference:"C:\Program Files (x86)\Reference Assemblies\Microsoft\Framework\.NETFramework\v4.0\System.Data.dll" /reference:"C:\Program Files (x86)\Reference Assemblies\Microsoft\Framework\.NETFramework\v4.0\System.dll" /reference:"C:\Program Files (x86)\Reference Assemblies\Microsoft\Framework\.NETFramework\v4.0\System.Drawing.dll" /reference:"C:\Program Files (x86)\Reference Assemblies\Microsoft\Framework\.NETFramework\v4.0\System.ServiceModel.dll" /reference:"C:\Program Files (x86)\Reference Assemblies\Microsoft\Framework\.NETFramework\v4.0\System.Windows.Forms.dll" /reference:"C:\Program Files (x86)\Reference Assemblies\Microsoft\Framework\.NETFramework\v4.0\System.Xml.dll" /reference:"H:\User Daten\Visual C# Projects\TvWishList\TvWishListGitRepository\TvWishList\TvWishList.Source\MP2 TvWishListMP2\TvWishListMP2\TvWishListMP2\bin\Release\TvWishListInterface.dll" /debug:pdbonly /filealign:512 /optimize+ /out:obj\Release\TvWishListMP2.dll /target:library /utf8output CommonCodeMP1MP2\Common_Edit_GUI.cs CommonCodeMP1MP2\Common_Main_GUI.cs CommonCodeMP1MP2\Common_Result_GUI.cs CommonCodeMP1MP2\InstallPaths.cs CommonCodeMP1MP2\Log.cs CommonCodeMP1MP2\Messages.cs CommonCodeMP1MP2\TvWish.cs ExtensionButtons\SlimTvCreateTvWish.cs ExtensionButtons\SlimTvRunSingleEPG.cs ExtensionButtons\SlimTvTvWishListQuickMenu.cs Models\Common_Edit_AND_ConfigDefaults.cs MpExtended\Items\ChannelGroup.cs MpExtended\Items\Channel.cs MpExtended\Items\Card.cs MpExtended\Items\Recording.cs MpExtended\Items\RadioChannelGroup.cs MpExtended\Items\RadioChannel.cs MpExtended\Items\Schedule.cs MpExtended\Items\TvBusinessLayer.cs MpExtended\Items\ServerName.cs MpExtended\Items\Setting.cs Models\ConfigFilter_GUI.cs Models\ConfigFormats_GUI.cs Models\ConfigMain_GUI.cs Settings\Configuration\SetupFormats_GUI.cs Settings\Configuration\SetupFilter_GUI.cs Settings\Configuration\SetupMain_GUI.cs Settings\TvWishListMP2Settings.cs Settings\Configuration\SetupDefaults_GUI.cs CommonData.cs Models\ConfigDefaults_GUI.cs Models\Edit_GUI.cs Models\Main_GUI.cs Models\Result_GUI.cs Properties\AssemblyInfo.cs "C:\Users\Hubert\AppData\Local\Temp\.NETFramework,Version=v4.0.AssemblyAttributes.cs"
MpExtended\Items\Setting.cs(30,7): warning CS0105: Die using-Direktive fÅr 'MediaPortal.Plugins.TvWishListMP2.Models' wurde bereits zuvor in diesem Namespace verwendet. [H:\User Daten\Visual C# Projects\TvWishList\TvWishListGitRepository\TvWishList\TvWishList.Source\MP2 TvWishListMP2\TvWishListMP2\TvWishListMP2\TvWishListMP2.csproj]
CopyFilesToOutputDirectory:
  Die Datei wird von "obj\Release\TvWishListMP2.dll" in "bin\Release\TvWishListMP2.dll" kopiert.
  TvWishListMP2 -> H:\User Daten\Visual C# Projects\TvWishList\TvWishListGitRepository\TvWishList\TvWishList.Source\MP2 TvWishListMP2\TvWishListMP2\TvWishListMP2\bin\Release\TvWishListMP2.dll
  Die Datei wird von "obj\Release\TvWishListMP2.pdb" in "bin\Release\TvWishListMP2.pdb" kopiert.
PostBuildEvent:
  xcopy /Y "H:\User Daten\Visual C# Projects\TvWishList\TvWishListGitRepository\TvWishList\TvWishList.Source\MP2 TvWishListMP2\TvWishListMP2\TvWishListMP2\plugin.xml" "H:\User Daten\Visual C# Projects\TvWishList\TvWishListGitRepository\TvWishList\TvWishList.Source\MP2 TvWishListMP2\TvWishListMP2\..\Bin\TvWishListMP2\bin\Release\Plugins\TvWishListMP2\"
  mkdir "H:\User Daten\Visual C# Projects\TvWishList\TvWishListGitRepository\TvWishList\TvWishList.Source\MP2 TvWishListMP2\TvWishListMP2\..\Bin\TvWishListMP2\bin\Release\Plugins\TvWishListMP2\Language"
  robocopy "H:\User Daten\Visual C# Projects\TvWishList\TvWishListGitRepository\TvWishList\TvWishList.Source\MP2 TvWishListMP2\TvWishListMP2\TvWishListMP2\Language" "H:\User Daten\Visual C# Projects\TvWishList\TvWishListGitRepository\TvWishList\TvWishList.Source\MP2 TvWishListMP2\TvWishListMP2\..\Bin\TvWishListMP2\bin\Release\Plugins\TvWishListMP2\Language" /MIR /NP
  mkdir "H:\User Daten\Visual C# Projects\TvWishList\TvWishListGitRepository\TvWishList\TvWishList.Source\MP2 TvWishListMP2\TvWishListMP2\..\Bin\TvWishListMP2\bin\Release\Plugins\TvWishListMP2\Skin"
  robocopy "H:\User Daten\Visual C# Projects\TvWishList\TvWishListGitRepository\TvWishList\TvWishList.Source\MP2 TvWishListMP2\TvWishListMP2\TvWishListMP2\Skin" "H:\User Daten\Visual C# Projects\TvWishList\TvWishListGitRepository\TvWishList\TvWishList.Source\MP2 TvWishListMP2\TvWishListMP2\..\Bin\TvWishListMP2\bin\Release\Plugins\TvWishListMP2\Skin" /MIR /NP
  xcopy /Y "H:\User Daten\Visual C# Projects\TvWishList\TvWishListGitRepository\TvWishList\TvWishList.Source\MP2 TvWishListMP2\TvWishListMP2\TvWishListMP2\bin\Release\TvWishListMP2.dll"  "H:\User Daten\Visual C# Projects\TvWishList\TvWishListGitRepository\TvWishList\TvWishList.Source\MP2 TvWishListMP2\TvWishListMP2\..\Bin\TvWishListMP2\bin\Release\Plugins\TvWishListMP2\"
  H:\User Daten\Visual C# Projects\TvWishList\TvWishListGitRepository\TvWishList\TvWishList.Source\MP2 TvWishListMP2\TvWishListMP2\TvWishListMP2\plugin.xml
  1 Datei(en) kopiert
  Ein Unterverzeichnis oder eine Datei mit dem Namen "H:\User Daten\Visual C# Projects\TvWishList\TvWishListGitRepository\TvWishList\TvWishList.Source\MP2 TvWishListMP2\TvWishListMP2\..\Bin\TvWishListMP2\bin\Release\Plugins\TvWishListMP2\Language" existiert bereits.
  
  -------------------------------------------------------------------------------
     ROBOCOPY     ::     Robustes Dateikopieren fÅr Windows                              
  -------------------------------------------------------------------------------
  
    Gestartet: Montag, 1. Juli 2013 23:47:20
     Quelle : H:\User Daten\Visual C# Projects\TvWishList\TvWishListGitRepository\TvWishList\TvWishList.Source\MP2 TvWishListMP2\TvWishListMP2\TvWishListMP2\Language\
       Ziel : H:\User Daten\Visual C# Projects\TvWishList\TvWishListGitRepository\TvWishList\TvWishList.Source\MP2 TvWishListMP2\Bin\TvWishListMP2\bin\Release\Plugins\TvWishListMP2\Language\
  
      Dateien : *.*
  	    
    Optionen: *.* /S /E /DCOPY:DA /COPY:DAT /PURGE /MIR /NP /R:1000000 /W:30 
  
  ------------------------------------------------------------------------------
  
  	                   9	H:\User Daten\Visual C# Projects\TvWishList\TvWishListGitRepository\TvWishList\TvWishList.Source\MP2 TvWishListMP2\TvWishListMP2\TvWishListMP2\Language\
  
  ------------------------------------------------------------------------------
  
             Insgesamt   KopiertöbersprungenKeine öbereinstimmung    FEHLER    Extras
  Verzeich.:         1         0         0         0         0         0
    Dateien:         9         0         9         0         0         0
      Bytes:   435.8 k         0   435.8 k         0         0         0
     Zeiten:   0:00:00   0:00:00                       0:00:00   0:00:00
     Beendet: Montag, 1. Juli 2013 23:47:20
  
  Ein Unterverzeichnis oder eine Datei mit dem Namen "H:\User Daten\Visual C# Projects\TvWishList\TvWishListGitRepository\TvWishList\TvWishList.Source\MP2 TvWishListMP2\TvWishListMP2\..\Bin\TvWishListMP2\bin\Release\Plugins\TvWishListMP2\Skin" existiert bereits.
  
  -------------------------------------------------------------------------------
     ROBOCOPY     ::     Robustes Dateikopieren fÅr Windows                              
  -------------------------------------------------------------------------------
  
    Gestartet: Montag, 1. Juli 2013 23:47:20
     Quelle : H:\User Daten\Visual C# Projects\TvWishList\TvWishListGitRepository\TvWishList\TvWishList.Source\MP2 TvWishListMP2\TvWishListMP2\TvWishListMP2\Skin\
       Ziel : H:\User Daten\Visual C# Projects\TvWishList\TvWishListGitRepository\TvWishList\TvWishList.Source\MP2 TvWishListMP2\Bin\TvWishListMP2\bin\Release\Plugins\TvWishListMP2\Skin\
  
      Dateien : *.*
  	    
    Optionen: *.* /S /E /DCOPY:DA /COPY:DAT /PURGE /MIR /NP /R:1000000 /W:30 
  
  ------------------------------------------------------------------------------
  
  	                   0	H:\User Daten\Visual C# Projects\TvWishList\TvWishListGitRepository\TvWishList\TvWishList.Source\MP2 TvWishListMP2\TvWishListMP2\TvWishListMP2\Skin\
  	                   0	H:\User Daten\Visual C# Projects\TvWishList\TvWishListGitRepository\TvWishList\TvWishList.Source\MP2 TvWishListMP2\TvWishListMP2\TvWishListMP2\Skin\default\
  	                   2	H:\User Daten\Visual C# Projects\TvWishList\TvWishListGitRepository\TvWishList\TvWishList.Source\MP2 TvWishListMP2\TvWishListMP2\TvWishListMP2\Skin\default\images\
  	                  19	H:\User Daten\Visual C# Projects\TvWishList\TvWishListGitRepository\TvWishList\TvWishList.Source\MP2 TvWishListMP2\TvWishListMP2\TvWishListMP2\Skin\default\screens\
  	                   0	H:\User Daten\Visual C# Projects\TvWishList\TvWishListGitRepository\TvWishList\TvWishList.Source\MP2 TvWishListMP2\TvWishListMP2\TvWishListMP2\Skin\default\themes\
  	                   0	H:\User Daten\Visual C# Projects\TvWishList\TvWishListGitRepository\TvWishList\TvWishList.Source\MP2 TvWishListMP2\TvWishListMP2\TvWishListMP2\Skin\default\themes\default\
  	                   2	H:\User Daten\Visual C# Projects\TvWishList\TvWishListGitRepository\TvWishList\TvWishList.Source\MP2 TvWishListMP2\TvWishListMP2\TvWishListMP2\Skin\default\themes\default\styles\
  	                   1	H:\User Daten\Visual C# Projects\TvWishList\TvWishListGitRepository\TvWishList\TvWishList.Source\MP2 TvWishListMP2\TvWishListMP2\TvWishListMP2\Skin\default\workflow\
  
  ------------------------------------------------------------------------------
  
             Insgesamt   KopiertöbersprungenKeine öbereinstimmung    FEHLER    Extras
  Verzeich.:         8         0         0         0         0         0
    Dateien:        24         0        24         0         0         0
      Bytes:   358.7 k         0   358.7 k         0         0         0
     Zeiten:   0:00:00   0:00:00                       0:00:00   0:00:00
     Beendet: Montag, 1. Juli 2013 23:47:20
  
  H:\User Daten\Visual C# Projects\TvWishList\TvWishListGitRepository\TvWishList\TvWishList.Source\MP2 TvWishListMP2\TvWishListMP2\TvWishListMP2\bin\Release\TvWishListMP2.dll
  1 Datei(en) kopiert
Die Erstellung von Projekt "H:\User Daten\Visual C# Projects\TvWishList\TvWishListGitRepository\TvWishList\TvWishList.Source\MP2 TvWishListMP2\TvWishListMP2\TvWishListMP2\TvWishListMP2.csproj" ist abgeschlossen (Standardziele).
Die Erstellung von Projekt "H:\User Daten\Visual C# Projects\TvWishList\TvWishListGitRepository\TvWishList\TvWishList.Source\MP2 TvWishListMP2\TvWishListMP2\TvWishListMP2.sln" ist abgeschlossen (Standardziele).

Der Buildvorgang wurde erfolgreich ausgefÅhrt.

"H:\User Daten\Visual C# Projects\TvWishList\TvWishListGitRepository\TvWishList\TvWishList.Source\MP2 TvWishListMP2\TvWishListMP2\TvWishListMP2.sln" (Standardziel) (1) ->
"H:\User Daten\Visual C# Projects\TvWishList\TvWishListGitRepository\TvWishList\TvWishList.Source\MP2 TvWishListMP2\TvWishListMP2\TvWishListMP2\TvWishListMP2.csproj" (Standardziel) (2) ->
(ResolveAssemblyReferences Ziel) -> 
  C:\Windows\Microsoft.NET\Framework\v4.0.30319\Microsoft.Common.targets(1605,5): warning MSB3270: Konflikt zwischen Prozessorarchitektur des Projekts "MSIL", das erstellt wird, und der Prozessorarchitektur des Verweises, "MediaPortal.Common, Version=1.0.0.0, Culture=neutral, processorArchitecture=x86", "x86". Dieser Konflikt kann zu Laufzeitfehlern fÅhren. éndern Sie ggf. mithilfe des Konfigurations-Managers die als Ziel angegebene Prozessorarchitektur Ihres Projekts so, dass die Prozessorarchitekturen zwischen Ihrem Projekt und den Verweisen ausgerichtet werden, oder wÑhlen Sie eine AbhÑngigkeit von Verweisen mit einer Prozessorarchitektur, die der als Ziel angegebene Prozessorarchitektur Ihres Projekts entspricht. [H:\User Daten\Visual C# Projects\TvWishList\TvWishListGitRepository\TvWishList\TvWishList.Source\MP2 TvWishListMP2\TvWishListMP2\TvWishListMP2\TvWishListMP2.csproj]
  C:\Windows\Microsoft.NET\Framework\v4.0.30319\Microsoft.Common.targets(1605,5): warning MSB3270: Konflikt zwischen Prozessorarchitektur des Projekts "MSIL", das erstellt wird, und der Prozessorarchitektur des Verweises, "MediaPortal.UI, Version=1.0.0.0, Culture=neutral, processorArchitecture=x86", "x86". Dieser Konflikt kann zu Laufzeitfehlern fÅhren. éndern Sie ggf. mithilfe des Konfigurations-Managers die als Ziel angegebene Prozessorarchitektur Ihres Projekts so, dass die Prozessorarchitekturen zwischen Ihrem Projekt und den Verweisen ausgerichtet werden, oder wÑhlen Sie eine AbhÑngigkeit von Verweisen mit einer Prozessorarchitektur, die der als Ziel angegebene Prozessorarchitektur Ihres Projekts entspricht. [H:\User Daten\Visual C# Projects\TvWishList\TvWishListGitRepository\TvWishList\TvWishList.Source\MP2 TvWishListMP2\TvWishListMP2\TvWishListMP2\TvWishListMP2.csproj]
  C:\Windows\Microsoft.NET\Framework\v4.0.30319\Microsoft.Common.targets(1605,5): warning MSB3270: Konflikt zwischen Prozessorarchitektur des Projekts "MSIL", das erstellt wird, und der Prozessorarchitektur des Verweises, "MediaPortal.Utilities, Version=1.0.0.0, Culture=neutral, processorArchitecture=x86", "x86". Dieser Konflikt kann zu Laufzeitfehlern fÅhren. éndern Sie ggf. mithilfe des Konfigurations-Managers die als Ziel angegebene Prozessorarchitektur Ihres Projekts so, dass die Prozessorarchitekturen zwischen Ihrem Projekt und den Verweisen ausgerichtet werden, oder wÑhlen Sie eine AbhÑngigkeit von Verweisen mit einer Prozessorarchitektur, die der als Ziel angegebene Prozessorarchitektur Ihres Projekts entspricht. [H:\User Daten\Visual C# Projects\TvWishList\TvWishListGitRepository\TvWishList\TvWishList.Source\MP2 TvWishListMP2\TvWishListMP2\TvWishListMP2\TvWishListMP2.csproj]
  C:\Windows\Microsoft.NET\Framework\v4.0.30319\Microsoft.Common.targets(1605,5): warning MSB3270: Konflikt zwischen Prozessorarchitektur des Projekts "MSIL", das erstellt wird, und der Prozessorarchitektur des Verweises, "SkinEngine, Version=1.0.0.0, Culture=neutral, processorArchitecture=x86", "x86". Dieser Konflikt kann zu Laufzeitfehlern fÅhren. éndern Sie ggf. mithilfe des Konfigurations-Managers die als Ziel angegebene Prozessorarchitektur Ihres Projekts so, dass die Prozessorarchitekturen zwischen Ihrem Projekt und den Verweisen ausgerichtet werden, oder wÑhlen Sie eine AbhÑngigkeit von Verweisen mit einer Prozessorarchitektur, die der als Ziel angegebene Prozessorarchitektur Ihres Projekts entspricht. [H:\User Daten\Visual C# Projects\TvWishList\TvWishListGitRepository\TvWishList\TvWishList.Source\MP2 TvWishListMP2\TvWishListMP2\TvWishListMP2\TvWishListMP2.csproj]
  C:\Windows\Microsoft.NET\Framework\v4.0.30319\Microsoft.Common.targets(1605,5): warning MSB3270: Konflikt zwischen Prozessorarchitektur des Projekts "MSIL", das erstellt wird, und der Prozessorarchitektur des Verweises, "SlimTvInterfaces, Version=1.0.0.0, Culture=neutral, processorArchitecture=x86", "x86". Dieser Konflikt kann zu Laufzeitfehlern fÅhren. éndern Sie ggf. mithilfe des Konfigurations-Managers die als Ziel angegebene Prozessorarchitektur Ihres Projekts so, dass die Prozessorarchitekturen zwischen Ihrem Projekt und den Verweisen ausgerichtet werden, oder wÑhlen Sie eine AbhÑngigkeit von Verweisen mit einer Prozessorarchitektur, die der als Ziel angegebene Prozessorarchitektur Ihres Projekts entspricht. [H:\User Daten\Visual C# Projects\TvWishList\TvWishListGitRepository\TvWishList\TvWishList.Source\MP2 TvWishListMP2\TvWishListMP2\TvWishListMP2\TvWishListMP2.csproj]


"H:\User Daten\Visual C# Projects\TvWishList\TvWishListGitRepository\TvWishList\TvWishList.Source\MP2 TvWishListMP2\TvWishListMP2\TvWishListMP2.sln" (Standardziel) (1) ->
"H:\User Daten\Visual C# Projects\TvWishList\TvWishListGitRepository\TvWishList\TvWishList.Source\MP2 TvWishListMP2\TvWishListMP2\TvWishListMP2\TvWishListMP2.csproj" (Standardziel) (2) ->
(CoreCompile Ziel) -> 
  MpExtended\Items\Setting.cs(30,7): warning CS0105: Die using-Direktive fÅr 'MediaPortal.Plugins.TvWishListMP2.Models' wurde bereits zuvor in diesem Namespace verwendet. [H:\User Daten\Visual C# Projects\TvWishList\TvWishListGitRepository\TvWishList\TvWishList.Source\MP2 TvWishListMP2\TvWishListMP2\TvWishListMP2\TvWishListMP2.csproj]

    6 Warnung(en)
    0 Fehler

Verstrichene Zeit 00:00:00.88

H:\User Daten\Visual C# Projects\TvWishList\TvWishListGitRepository\TvWishList\TvWishList.Source>"C:\Windows\Microsoft.NET\Framework\v4.0.30319\MSBuild.exe" "MP2 TvWishListMP2\TvWishListMPExtendedProvider0.5\TvWishListMPExtendedProvider0.5.sln" /p:Configuration=Release 
Microsoft (R)-Buildmodul, Version 4.0.30319.17929
[Microsoft .NET Framework, Version 4.0.30319.18046]
Copyright (C) Microsoft Corporation. Alle Rechte vorbehalten.

Die Projekte in dieser Projektmappe werden nacheinander erstellt. Um eine parallele Erstellung zu ermîglichen, mÅssen Sie den Schalter "/m" hinzufÅgen.
Der Buildvorgang wurde am 01.07.2013 23:47:21 gestartet.
Projekt "H:\User Daten\Visual C# Projects\TvWishList\TvWishListGitRepository\TvWishList\TvWishList.Source\MP2 TvWishListMP2\TvWishListMPExtendedProvider0.5\TvWishListMPExtendedProvider0.5.sln" auf Knoten "1" (Standardziele).
ValidateSolutionConfiguration:
  Die Projektmappenkonfiguration "Release|Any CPU" wird erstellt.
Das Projekt "H:\User Daten\Visual C# Projects\TvWishList\TvWishListGitRepository\TvWishList\TvWishList.Source\MP2 TvWishListMP2\TvWishListMPExtendedProvider0.5\TvWishListMPExtendedProvider0.5.sln" (1) erstellt "H:\User Daten\Visual C# Projects\TvWishList\TvWishListGitRepository\TvWishList\TvWishList.Source\MP2 TvWishListMP2\TvWishListMPExtendedProvider0.5\TvWishListMPExtendedProvider0.5\TvWishListMPExtendedProvider0.5.csproj" (2) auf Knoten "1" (Standardziele).
C:\Windows\Microsoft.NET\Framework\v4.0.30319\Microsoft.Common.targets(1605,5): warning MSB3270: Konflikt zwischen Prozessorarchitektur des Projekts "MSIL", das erstellt wird, und der Prozessorarchitektur des Verweises, "MediaPortal.Common, Version=1.0.0.0, Culture=neutral, processorArchitecture=x86", "x86". Dieser Konflikt kann zu Laufzeitfehlern fÅhren. éndern Sie ggf. mithilfe des Konfigurations-Managers die als Ziel angegebene Prozessorarchitektur Ihres Projekts so, dass die Prozessorarchitekturen zwischen Ihrem Projekt und den Verweisen ausgerichtet werden, oder wÑhlen Sie eine AbhÑngigkeit von Verweisen mit einer Prozessorarchitektur, die der als Ziel angegebene Prozessorarchitektur Ihres Projekts entspricht. [H:\User Daten\Visual C# Projects\TvWishList\TvWishListGitRepository\TvWishList\TvWishList.Source\MP2 TvWishListMP2\TvWishListMPExtendedProvider0.5\TvWishListMPExtendedProvider0.5\TvWishListMPExtendedProvider0.5.csproj]
C:\Windows\Microsoft.NET\Framework\v4.0.30319\Microsoft.Common.targets(1605,5): warning MSB3270: Konflikt zwischen Prozessorarchitektur des Projekts "MSIL", das erstellt wird, und der Prozessorarchitektur des Verweises, "MediaPortal.UI, Version=1.0.0.0, Culture=neutral, processorArchitecture=x86", "x86". Dieser Konflikt kann zu Laufzeitfehlern fÅhren. éndern Sie ggf. mithilfe des Konfigurations-Managers die als Ziel angegebene Prozessorarchitektur Ihres Projekts so, dass die Prozessorarchitekturen zwischen Ihrem Projekt und den Verweisen ausgerichtet werden, oder wÑhlen Sie eine AbhÑngigkeit von Verweisen mit einer Prozessorarchitektur, die der als Ziel angegebene Prozessorarchitektur Ihres Projekts entspricht. [H:\User Daten\Visual C# Projects\TvWishList\TvWishListGitRepository\TvWishList\TvWishList.Source\MP2 TvWishListMP2\TvWishListMPExtendedProvider0.5\TvWishListMPExtendedProvider0.5\TvWishListMPExtendedProvider0.5.csproj]
C:\Windows\Microsoft.NET\Framework\v4.0.30319\Microsoft.Common.targets(1605,5): warning MSB3270: Konflikt zwischen Prozessorarchitektur des Projekts "MSIL", das erstellt wird, und der Prozessorarchitektur des Verweises, "MediaPortal.Utilities, Version=1.0.0.0, Culture=neutral, processorArchitecture=x86", "x86". Dieser Konflikt kann zu Laufzeitfehlern fÅhren. éndern Sie ggf. mithilfe des Konfigurations-Managers die als Ziel angegebene Prozessorarchitektur Ihres Projekts so, dass die Prozessorarchitekturen zwischen Ihrem Projekt und den Verweisen ausgerichtet werden, oder wÑhlen Sie eine AbhÑngigkeit von Verweisen mit einer Prozessorarchitektur, die der als Ziel angegebene Prozessorarchitektur Ihres Projekts entspricht. [H:\User Daten\Visual C# Projects\TvWishList\TvWishListGitRepository\TvWishList\TvWishList.Source\MP2 TvWishListMP2\TvWishListMPExtendedProvider0.5\TvWishListMPExtendedProvider0.5\TvWishListMPExtendedProvider0.5.csproj]
GenerateTargetFrameworkMonikerAttribute:
Das Ziel "GenerateTargetFrameworkMonikerAttribute" wird Åbersprungen, da alle Ausgabedateien hinsichtlich der Eingabedateien aktuell sind.
CoreCompile:
  C:\Windows\Microsoft.NET\Framework\v4.0.30319\Csc.exe /noconfig /nowarn:1701,1702 /nostdlib+ /errorreport:prompt /warn:4 /define:TRACE;MP2 /highentropyva- /reference:"H:\User Daten\Visual C# Projects\TvWishList\TvWishListGitRepository\TvWishList\TvWishList.Source\MP2 TvWishListMP2\TvWishListMPExtendedProvider0.5\TvWishListMPExtendedProvider0.5\bin\Release\MediaPortal.Common.dll" /reference:"H:\User Daten\Visual C# Projects\TvWishList\TvWishListGitRepository\TvWishList\TvWishList.Source\MP2 TvWishListMP2\TvWishListMPExtendedProvider0.5\TvWishListMPExtendedProvider0.5\bin\Release\MediaPortal.UI.dll" /reference:"H:\User Daten\Visual C# Projects\TvWishList\TvWishListGitRepository\TvWishList\TvWishList.Source\MP2 TvWishListMP2\TvWishListMPExtendedProvider0.5\TvWishListMPExtendedProvider0.5\bin\Release\MediaPortal.Utilities.dll" /reference:"C:\Program Files (x86)\Reference Assemblies\Microsoft\Framework\.NETFramework\v4.0\Microsoft.CSharp.dll" /reference:"H:\User Daten\Visual C# Projects\TvWishList\TvWishListGitRepository\TvWishList\TvWishList.Source\MP2 TvWishListMP2\TvWishListMPExtendedProvider0.5\TvWishListMPExtendedProvider0.5\bin\Release\MPExtended.Services.Common.Interfaces.dll" /reference:"H:\User Daten\Visual C# Projects\TvWishList\TvWishListGitRepository\TvWishList\TvWishList.Source\MP2 TvWishListMP2\TvWishListMPExtendedProvider0.5\TvWishListMPExtendedProvider0.5\bin\Release\MPExtended.Services.TVAccessService.Interfaces.dll" /reference:"C:\Program Files (x86)\Reference Assemblies\Microsoft\Framework\.NETFramework\v4.0\mscorlib.dll" /reference:"C:\Program Files (x86)\Reference Assemblies\Microsoft\Framework\.NETFramework\v4.0\System.Core.dll" /reference:"C:\Program Files (x86)\Reference Assemblies\Microsoft\Framework\.NETFramework\v4.0\System.Data.DataSetExtensions.dll" /reference:"C:\Program Files (x86)\Reference Assemblies\Microsoft\Framework\.NETFramework\v4.0\System.Data.dll" /reference:"C:\Program Files (x86)\Reference Assemblies\Microsoft\Framework\.NETFramework\v4.0\System.dll" /reference:"C:\Program Files (x86)\Reference Assemblies\Microsoft\Framework\.NETFramework\v4.0\System.Drawing.dll" /reference:"C:\Program Files (x86)\Reference Assemblies\Microsoft\Framework\.NETFramework\v4.0\System.ServiceModel.Channels.dll" /reference:"C:\Program Files (x86)\Reference Assemblies\Microsoft\Framework\.NETFramework\v4.0\System.ServiceModel.dll" /reference:"C:\Program Files (x86)\Reference Assemblies\Microsoft\Framework\.NETFramework\v4.0\System.Windows.Forms.dll" /reference:"C:\Program Files (x86)\Reference Assemblies\Microsoft\Framework\.NETFramework\v4.0\System.Xml.dll" /reference:"C:\Program Files (x86)\Reference Assemblies\Microsoft\Framework\.NETFramework\v4.0\System.Xml.Linq.dll" /reference:"H:\User Daten\Visual C# Projects\TvWishList\TvWishListGitRepository\TvWishList\TvWishList.Source\MP2 TvWishListMP2\TvWishListMPExtendedProvider0.5\TvWishListMPExtendedProvider0.5\bin\Release\TvWishListInterface.dll" /debug:pdbonly /filealign:512 /optimize+ /out:obj\Release\TvWishListMPExtendedProvider0.5.dll /target:library /utf8output InstallPaths.cs Items\ChannelGroup.cs Items\Channel.cs Items\Setting.cs Items\Card.cs Items\Recording.cs Items\Schedule.cs Items\RadioChannel.cs Items\RadioChannelGroup.cs Log.cs MPExtendedProviderSettings.cs Properties\AssemblyInfo.cs TvWishListMP2Settings.cs TvWishListMP2_MPExtendedProvider.cs "C:\Users\Hubert\AppData\Local\Temp\.NETFramework,Version=v4.0.AssemblyAttributes.cs"
CopyFilesToOutputDirectory:
  Die Datei wird von "obj\Release\TvWishListMPExtendedProvider0.5.dll" in "bin\Release\TvWishListMPExtendedProvider0.5.dll" kopiert.
  TvWishListMPExtendedProvider0.5 -> H:\User Daten\Visual C# Projects\TvWishList\TvWishListGitRepository\TvWishList\TvWishList.Source\MP2 TvWishListMP2\TvWishListMPExtendedProvider0.5\TvWishListMPExtendedProvider0.5\bin\Release\TvWishListMPExtendedProvider0.5.dll
  Die Datei wird von "obj\Release\TvWishListMPExtendedProvider0.5.pdb" in "bin\Release\TvWishListMPExtendedProvider0.5.pdb" kopiert.
PostBuildEvent:
  xcopy /Y "H:\User Daten\Visual C# Projects\TvWishList\TvWishListGitRepository\TvWishList\TvWishList.Source\MP2 TvWishListMP2\TvWishListMPExtendedProvider0.5\TvWishListMPExtendedProvider0.5\plugin.xml" "H:\User Daten\Visual C# Projects\TvWishList\TvWishListGitRepository\TvWishList\TvWishList.Source\MP2 TvWishListMP2\TvWishListMPExtendedProvider0.5\..\Bin\TvWishListMPExtendedProvider0.5\bin\Release\Plugins\TvWishListMPExtendedProvider0.5\"
  mkdir "H:\User Daten\Visual C# Projects\TvWishList\TvWishListGitRepository\TvWishList\TvWishList.Source\MP2 TvWishListMP2\TvWishListMPExtendedProvider0.5\..\Bin\TvWishListMPExtendedProvider0.5\bin\Release\Plugins\TvWishListMPExtendedProvider0.5\Language"
  robocopy "H:\User Daten\Visual C# Projects\TvWishList\TvWishListGitRepository\TvWishList\TvWishList.Source\MP2 TvWishListMP2\TvWishListMPExtendedProvider0.5\TvWishListMPExtendedProvider0.5\Language" "H:\User Daten\Visual C# Projects\TvWishList\TvWishListGitRepository\TvWishList\TvWishList.Source\MP2 TvWishListMP2\TvWishListMPExtendedProvider0.5\..\Bin\TvWishListMPExtendedProvider0.5\bin\Release\Plugins\TvWishListMPExtendedProvider0.5\Language" /MIR /NP
  mkdir "H:\User Daten\Visual C# Projects\TvWishList\TvWishListGitRepository\TvWishList\TvWishList.Source\MP2 TvWishListMP2\TvWishListMPExtendedProvider0.5\..\Bin\TvWishListMPExtendedProvider0.5\bin\Release\Plugins\TvWishListMPExtendedProvider0.5\Skin"
  robocopy "H:\User Daten\Visual C# Projects\TvWishList\TvWishListGitRepository\TvWishList\TvWishList.Source\MP2 TvWishListMP2\TvWishListMPExtendedProvider0.5\TvWishListMPExtendedProvider0.5\Skin" "H:\User Daten\Visual C# Projects\TvWishList\TvWishListGitRepository\TvWishList\TvWishList.Source\MP2 TvWishListMP2\TvWishListMPExtendedProvider0.5\..\Bin\TvWishListMPExtendedProvider0.5\bin\Release\Plugins\TvWishListMPExtendedProvider0.5\Skin" /MIR /NP
  xcopy /Y "H:\User Daten\Visual C# Projects\TvWishList\TvWishListGitRepository\TvWishList\TvWishList.Source\MP2 TvWishListMP2\TvWishListMPExtendedProvider0.5\TvWishListMPExtendedProvider0.5\bin\Release\TvWishListMPExtendedProvider0.5.dll"  "H:\User Daten\Visual C# Projects\TvWishList\TvWishListGitRepository\TvWishList\TvWishList.Source\MP2 TvWishListMP2\TvWishListMPExtendedProvider0.5\..\Bin\TvWishListMPExtendedProvider0.5\bin\Release\Plugins\TvWishListMPExtendedProvider0.5\"
  H:\User Daten\Visual C# Projects\TvWishList\TvWishListGitRepository\TvWishList\TvWishList.Source\MP2 TvWishListMP2\TvWishListMPExtendedProvider0.5\TvWishListMPExtendedProvider0.5\plugin.xml
  1 Datei(en) kopiert
  Ein Unterverzeichnis oder eine Datei mit dem Namen "H:\User Daten\Visual C# Projects\TvWishList\TvWishListGitRepository\TvWishList\TvWishList.Source\MP2 TvWishListMP2\TvWishListMPExtendedProvider0.5\..\Bin\TvWishListMPExtendedProvider0.5\bin\Release\Plugins\TvWishListMPExtendedProvider0.5\Language" existiert bereits.
  
  -------------------------------------------------------------------------------
     ROBOCOPY     ::     Robustes Dateikopieren fÅr Windows                              
  -------------------------------------------------------------------------------
  
    Gestartet: Montag, 1. Juli 2013 23:47:21
     Quelle : H:\User Daten\Visual C# Projects\TvWishList\TvWishListGitRepository\TvWishList\TvWishList.Source\MP2 TvWishListMP2\TvWishListMPExtendedProvider0.5\TvWishListMPExtendedProvider0.5\Language\
       Ziel : H:\User Daten\Visual C# Projects\TvWishList\TvWishListGitRepository\TvWishList\TvWishList.Source\MP2 TvWishListMP2\Bin\TvWishListMPExtendedProvider0.5\bin\Release\Plugins\TvWishListMPExtendedProvider0.5\Language\
  
      Dateien : *.*
  	    
    Optionen: *.* /S /E /DCOPY:DA /COPY:DAT /PURGE /MIR /NP /R:1000000 /W:30 
  
  ------------------------------------------------------------------------------
  
  2013/07/01 23:47:21 FEHLER 2 (0x00000002) Zugriff auf Quellverzeichnis H:\User Daten\Visual C# Projects\TvWishList\TvWishListGitRepository\TvWishList\TvWishList.Source\MP2 TvWishListMP2\TvWishListMPExtendedProvider0.5\TvWishListMPExtendedProvider0.5\Language\
  Das System kann die angegebene Datei nicht finden.
  
  Ein Unterverzeichnis oder eine Datei mit dem Namen "H:\User Daten\Visual C# Projects\TvWishList\TvWishListGitRepository\TvWishList\TvWishList.Source\MP2 TvWishListMP2\TvWishListMPExtendedProvider0.5\..\Bin\TvWishListMPExtendedProvider0.5\bin\Release\Plugins\TvWishListMPExtendedProvider0.5\Skin" existiert bereits.
  
  -------------------------------------------------------------------------------
     ROBOCOPY     ::     Robustes Dateikopieren fÅr Windows                              
  -------------------------------------------------------------------------------
  
    Gestartet: Montag, 1. Juli 2013 23:47:21
     Quelle : H:\User Daten\Visual C# Projects\TvWishList\TvWishListGitRepository\TvWishList\TvWishList.Source\MP2 TvWishListMP2\TvWishListMPExtendedProvider0.5\TvWishListMPExtendedProvider0.5\Skin\
       Ziel : H:\User Daten\Visual C# Projects\TvWishList\TvWishListGitRepository\TvWishList\TvWishList.Source\MP2 TvWishListMP2\Bin\TvWishListMPExtendedProvider0.5\bin\Release\Plugins\TvWishListMPExtendedProvider0.5\Skin\
  
      Dateien : *.*
  	    
    Optionen: *.* /S /E /DCOPY:DA /COPY:DAT /PURGE /MIR /NP /R:1000000 /W:30 
  
  ------------------------------------------------------------------------------
  
  2013/07/01 23:47:21 FEHLER 2 (0x00000002) Zugriff auf Quellverzeichnis H:\User Daten\Visual C# Projects\TvWishList\TvWishListGitRepository\TvWishList\TvWishList.Source\MP2 TvWishListMP2\TvWishListMPExtendedProvider0.5\TvWishListMPExtendedProvider0.5\Skin\
  Das System kann die angegebene Datei nicht finden.
  
  H:\User Daten\Visual C# Projects\TvWishList\TvWishListGitRepository\TvWishList\TvWishList.Source\MP2 TvWishListMP2\TvWishListMPExtendedProvider0.5\TvWishListMPExtendedProvider0.5\bin\Release\TvWishListMPExtendedProvider0.5.dll
  1 Datei(en) kopiert
Die Erstellung von Projekt "H:\User Daten\Visual C# Projects\TvWishList\TvWishListGitRepository\TvWishList\TvWishList.Source\MP2 TvWishListMP2\TvWishListMPExtendedProvider0.5\TvWishListMPExtendedProvider0.5\TvWishListMPExtendedProvider0.5.csproj" ist abgeschlossen (Standardziele).
Die Erstellung von Projekt "H:\User Daten\Visual C# Projects\TvWishList\TvWishListGitRepository\TvWishList\TvWishList.Source\MP2 TvWishListMP2\TvWishListMPExtendedProvider0.5\TvWishListMPExtendedProvider0.5.sln" ist abgeschlossen (Standardziele).

Der Buildvorgang wurde erfolgreich ausgefÅhrt.

"H:\User Daten\Visual C# Projects\TvWishList\TvWishListGitRepository\TvWishList\TvWishList.Source\MP2 TvWishListMP2\TvWishListMPExtendedProvider0.5\TvWishListMPExtendedProvider0.5.sln" (Standardziel) (1) ->
"H:\User Daten\Visual C# Projects\TvWishList\TvWishListGitRepository\TvWishList\TvWishList.Source\MP2 TvWishListMP2\TvWishListMPExtendedProvider0.5\TvWishListMPExtendedProvider0.5\TvWishListMPExtendedProvider0.5.csproj" (Standardziel) (2) ->
(ResolveAssemblyReferences Ziel) -> 
  C:\Windows\Microsoft.NET\Framework\v4.0.30319\Microsoft.Common.targets(1605,5): warning MSB3270: Konflikt zwischen Prozessorarchitektur des Projekts "MSIL", das erstellt wird, und der Prozessorarchitektur des Verweises, "MediaPortal.Common, Version=1.0.0.0, Culture=neutral, processorArchitecture=x86", "x86". Dieser Konflikt kann zu Laufzeitfehlern fÅhren. éndern Sie ggf. mithilfe des Konfigurations-Managers die als Ziel angegebene Prozessorarchitektur Ihres Projekts so, dass die Prozessorarchitekturen zwischen Ihrem Projekt und den Verweisen ausgerichtet werden, oder wÑhlen Sie eine AbhÑngigkeit von Verweisen mit einer Prozessorarchitektur, die der als Ziel angegebene Prozessorarchitektur Ihres Projekts entspricht. [H:\User Daten\Visual C# Projects\TvWishList\TvWishListGitRepository\TvWishList\TvWishList.Source\MP2 TvWishListMP2\TvWishListMPExtendedProvider0.5\TvWishListMPExtendedProvider0.5\TvWishListMPExtendedProvider0.5.csproj]
  C:\Windows\Microsoft.NET\Framework\v4.0.30319\Microsoft.Common.targets(1605,5): warning MSB3270: Konflikt zwischen Prozessorarchitektur des Projekts "MSIL", das erstellt wird, und der Prozessorarchitektur des Verweises, "MediaPortal.UI, Version=1.0.0.0, Culture=neutral, processorArchitecture=x86", "x86". Dieser Konflikt kann zu Laufzeitfehlern fÅhren. éndern Sie ggf. mithilfe des Konfigurations-Managers die als Ziel angegebene Prozessorarchitektur Ihres Projekts so, dass die Prozessorarchitekturen zwischen Ihrem Projekt und den Verweisen ausgerichtet werden, oder wÑhlen Sie eine AbhÑngigkeit von Verweisen mit einer Prozessorarchitektur, die der als Ziel angegebene Prozessorarchitektur Ihres Projekts entspricht. [H:\User Daten\Visual C# Projects\TvWishList\TvWishListGitRepository\TvWishList\TvWishList.Source\MP2 TvWishListMP2\TvWishListMPExtendedProvider0.5\TvWishListMPExtendedProvider0.5\TvWishListMPExtendedProvider0.5.csproj]
  C:\Windows\Microsoft.NET\Framework\v4.0.30319\Microsoft.Common.targets(1605,5): warning MSB3270: Konflikt zwischen Prozessorarchitektur des Projekts "MSIL", das erstellt wird, und der Prozessorarchitektur des Verweises, "MediaPortal.Utilities, Version=1.0.0.0, Culture=neutral, processorArchitecture=x86", "x86". Dieser Konflikt kann zu Laufzeitfehlern fÅhren. éndern Sie ggf. mithilfe des Konfigurations-Managers die als Ziel angegebene Prozessorarchitektur Ihres Projekts so, dass die Prozessorarchitekturen zwischen Ihrem Projekt und den Verweisen ausgerichtet werden, oder wÑhlen Sie eine AbhÑngigkeit von Verweisen mit einer Prozessorarchitektur, die der als Ziel angegebene Prozessorarchitektur Ihres Projekts entspricht. [H:\User Daten\Visual C# Projects\TvWishList\TvWishListGitRepository\TvWishList\TvWishList.Source\MP2 TvWishListMP2\TvWishListMPExtendedProvider0.5\TvWishListMPExtendedProvider0.5\TvWishListMPExtendedProvider0.5.csproj]

    3 Warnung(en)
    0 Fehler

Verstrichene Zeit 00:00:00.66

H:\User Daten\Visual C# Projects\TvWishList\TvWishListGitRepository\TvWishList\TvWishList.Source>REM ******************** END COMPILE  ******************** 

H:\User Daten\Visual C# Projects\TvWishList\TvWishListGitRepository\TvWishList\TvWishList.Source>REM ************************************************************************* 

H:\User Daten\Visual C# Projects\TvWishList\TvWishListGitRepository\TvWishList\TvWishList.Source>REM release All 

H:\User Daten\Visual C# Projects\TvWishList\TvWishListGitRepository\TvWishList\TvWishList.Source>REM ************************************************************************* 

H:\User Daten\Visual C# Projects\TvWishList\TvWishListGitRepository\TvWishList\TvWishList.Source>CD TvWishListV1.3.0.10.Source 
Das System kann den angegebenen Pfad nicht finden.

H:\User Daten\Visual C# Projects\TvWishList\TvWishListGitRepository\TvWishList\TvWishList.Source>COPY /Y "Install\Install\bin\Release\Install.exe" "..\TvWishList.Release\Install.exe" 
        1 Datei(en) kopiert.

H:\User Daten\Visual C# Projects\TvWishList\TvWishListGitRepository\TvWishList\TvWishList.Source>COPY /Y "TvWishList1.0.1\TvWishList\bin\Release\TvWishList.dll" "..\TvWishList.Release\TvWishList1.0.1\TvWishList.dll" 
        1 Datei(en) kopiert.

H:\User Daten\Visual C# Projects\TvWishList\TvWishListGitRepository\TvWishList\TvWishList.Source>COPY /Y "TvWishList1.1\TvWishList\bin\Release\TvWishList.dll" "..\TvWishList.Release\TvWishList1.1\TvWishList.dll" 
        1 Datei(en) kopiert.

H:\User Daten\Visual C# Projects\TvWishList\TvWishListGitRepository\TvWishList\TvWishList.Source>COPY /Y "TvWishList1.2\TvWishList\bin\Release\TvWishList.dll" "..\TvWishList.Release\TvWishList1.2\TvWishList.dll" 
        1 Datei(en) kopiert.

H:\User Daten\Visual C# Projects\TvWishList\TvWishListGitRepository\TvWishList\TvWishList.Source>COPY /Y "TvWishListMP1.1\TvWishListMP\bin\Release\TvWishListMP.dll" "..\TvWishList.Release\TvWishListMP1.1\TvWishListMP.dll" 
        1 Datei(en) kopiert.

H:\User Daten\Visual C# Projects\TvWishList\TvWishListGitRepository\TvWishList\TvWishList.Source>COPY /Y "TvWishListMP1.2\TvWishListMP\bin\Release\TvWishListMP.dll" "..\TvWishList.Release\TvWishListMP1.2\TvWishListMP.dll" 
        1 Datei(en) kopiert.

H:\User Daten\Visual C# Projects\TvWishList\TvWishListGitRepository\TvWishList\TvWishList.Source>XCOPY "MP2 TvWishListMP2\Bin\TvWishListMP2\bin\Release\Plugins\TvWishListMP2" "..\TvWishList.Release\TvWishListMP2"  /S /C /I /Y 
MP2 TvWishListMP2\Bin\TvWishListMP2\bin\Release\Plugins\TvWishListMP2\MPExtended.Services.Common.Interfaces.dll
MP2 TvWishListMP2\Bin\TvWishListMP2\bin\Release\Plugins\TvWishListMP2\MPExtended.Services.TVAccessService.Interfaces.dll
MP2 TvWishListMP2\Bin\TvWishListMP2\bin\Release\Plugins\TvWishListMP2\plugin.xml
MP2 TvWishListMP2\Bin\TvWishListMP2\bin\Release\Plugins\TvWishListMP2\SlimTvInterfaces.dll
MP2 TvWishListMP2\Bin\TvWishListMP2\bin\Release\Plugins\TvWishListMP2\TvWishListMP2.dll
MP2 TvWishListMP2\Bin\TvWishListMP2\bin\Release\Plugins\TvWishListMP2\Language\strings_ca.xml
MP2 TvWishListMP2\Bin\TvWishListMP2\bin\Release\Plugins\TvWishListMP2\Language\strings_de.xml
MP2 TvWishListMP2\Bin\TvWishListMP2\bin\Release\Plugins\TvWishListMP2\Language\strings_en.xml
MP2 TvWishListMP2\Bin\TvWishListMP2\bin\Release\Plugins\TvWishListMP2\Language\strings_fr.xml
MP2 TvWishListMP2\Bin\TvWishListMP2\bin\Release\Plugins\TvWishListMP2\Language\strings_id.xml
MP2 TvWishListMP2\Bin\TvWishListMP2\bin\Release\Plugins\TvWishListMP2\Language\strings_lt.xml
MP2 TvWishListMP2\Bin\TvWishListMP2\bin\Release\Plugins\TvWishListMP2\Language\strings_nl.xml
MP2 TvWishListMP2\Bin\TvWishListMP2\bin\Release\Plugins\TvWishListMP2\Language\strings_sk.xml
MP2 TvWishListMP2\Bin\TvWishListMP2\bin\Release\Plugins\TvWishListMP2\Language\strings_sv.xml
MP2 TvWishListMP2\Bin\TvWishListMP2\bin\Release\Plugins\TvWishListMP2\Skin\default\images\55b7087f-58c4-419a-bdc7-119753aa8bfc.png
MP2 TvWishListMP2\Bin\TvWishListMP2\bin\Release\Plugins\TvWishListMP2\Skin\default\images\TvWishList.Icon.png
MP2 TvWishListMP2\Bin\TvWishListMP2\bin\Release\Plugins\TvWishListMP2\Skin\default\screens\TvWishListConfigDefaultsDialogMenu.xaml
MP2 TvWishListMP2\Bin\TvWishListMP2\bin\Release\Plugins\TvWishListMP2\Skin\default\screens\TvWishListConfigDefaultsDialogMenu2.xaml
MP2 TvWishListMP2\Bin\TvWishListMP2\bin\Release\Plugins\TvWishListMP2\Skin\default\screens\TvWishListConfigDefaultsInputTextBox.xaml
MP2 TvWishListMP2\Bin\TvWishListMP2\bin\Release\Plugins\TvWishListMP2\Skin\default\screens\TvWishListConfigDefaults_GUI.xaml
MP2 TvWishListMP2\Bin\TvWishListMP2\bin\Release\Plugins\TvWishListMP2\Skin\default\screens\TvWishListConfigFilter_GUI.xaml
MP2 TvWishListMP2\Bin\TvWishListMP2\bin\Release\Plugins\TvWishListMP2\Skin\default\screens\TvWishListConfigFormats_GUI.xaml
MP2 TvWishListMP2\Bin\TvWishListMP2\bin\Release\Plugins\TvWishListMP2\Skin\default\screens\TvWishListConfigMain_GUI.xaml
MP2 TvWishListMP2\Bin\TvWishListMP2\bin\Release\Plugins\TvWishListMP2\Skin\default\screens\TvWishListEditDialogMenu.xaml
MP2 TvWishListMP2\Bin\TvWishListMP2\bin\Release\Plugins\TvWishListMP2\Skin\default\screens\TvWishListEditDialogMenu2.xaml
MP2 TvWishListMP2\Bin\TvWishListMP2\bin\Release\Plugins\TvWishListMP2\Skin\default\screens\TvWishListEditInputTextBox.xaml
MP2 TvWishListMP2\Bin\TvWishListMP2\bin\Release\Plugins\TvWishListMP2\Skin\default\screens\TvWishListEdit_GUI.xaml
MP2 TvWishListMP2\Bin\TvWishListMP2\bin\Release\Plugins\TvWishListMP2\Skin\default\screens\TvWishListMainDialogMenu.xaml
MP2 TvWishListMP2\Bin\TvWishListMP2\bin\Release\Plugins\TvWishListMP2\Skin\default\screens\TvWishListMainInputTextBox.xaml
MP2 TvWishListMP2\Bin\TvWishListMP2\bin\Release\Plugins\TvWishListMP2\Skin\default\screens\TvWishListMain_GUI.xaml
MP2 TvWishListMP2\Bin\TvWishListMP2\bin\Release\Plugins\TvWishListMP2\Skin\default\screens\TvWishListResultDialogMenu.xaml
MP2 TvWishListMP2\Bin\TvWishListMP2\bin\Release\Plugins\TvWishListMP2\Skin\default\screens\TvWishListResultDialogMenu2.xaml
MP2 TvWishListMP2\Bin\TvWishListMP2\bin\Release\Plugins\TvWishListMP2\Skin\default\screens\TvWishListResultDialogMenu3.xaml
MP2 TvWishListMP2\Bin\TvWishListMP2\bin\Release\Plugins\TvWishListMP2\Skin\default\screens\TvWishListResultInputTextBox.xaml
MP2 TvWishListMP2\Bin\TvWishListMP2\bin\Release\Plugins\TvWishListMP2\Skin\default\screens\TvWishListResult_GUI.xaml
MP2 TvWishListMP2\Bin\TvWishListMP2\bin\Release\Plugins\TvWishListMP2\Skin\default\themes\default\styles\TvWishListResults.xaml
MP2 TvWishListMP2\Bin\TvWishListMP2\bin\Release\Plugins\TvWishListMP2\Skin\default\themes\default\styles\TvWishUpDownCancelControl.xaml
MP2 TvWishListMP2\Bin\TvWishListMP2\bin\Release\Plugins\TvWishListMP2\Skin\default\workflow\TvWishListMP2.xml
38 Datei(en) kopiert

H:\User Daten\Visual C# Projects\TvWishList\TvWishListGitRepository\TvWishList\TvWishList.Source>XCOPY "MP2 TvWishListMP2\Bin\TvWishListMPExtendedProvider0.5\bin\Release\Plugins\TvWishListMPExtendedProvider0.5" "..\TvWishList.Release\TvWishListMPExtendedProvider0.5"  /S /C /I /Y 
MP2 TvWishListMP2\Bin\TvWishListMPExtendedProvider0.5\bin\Release\Plugins\TvWishListMPExtendedProvider0.5\plugin.xml
MP2 TvWishListMP2\Bin\TvWishListMPExtendedProvider0.5\bin\Release\Plugins\TvWishListMPExtendedProvider0.5\TvWishListMPExtendedProvider0.5.dll
2 Datei(en) kopiert

H:\User Daten\Visual C# Projects\TvWishList\TvWishListGitRepository\TvWishList\TvWishList.Source>COPY /Y "MP2 TvWishListMP2\TvWishListInterface\TvWishListInterface\bin\Release\TvWishListInterface.dll" "..\TvWishList.Release\TvWishListMP2" 
        1 Datei(en) kopiert.

H:\User Daten\Visual C# Projects\TvWishList\TvWishListGitRepository\TvWishList\TvWishList.Source>COPY /Y "MP2 TvWishListMP2\TvWishListInterface\TvWishListInterface\bin\Release\TvWishListInterface.dll" "..\TvWishList.Release\TvWishListMPExtendedProvider0.5" 
        1 Datei(en) kopiert.

H:\User Daten\Visual C# Projects\TvWishList\TvWishListGitRepository\TvWishList\TvWishList.Source>REM XCOPY "MP2 TvWishListMP2\TvWishListMP2 Resources\TvWishListMP2 Resources\Skin" "..\TvWishList.Release\TvWishListMP2\Skin" /S /C /I /Y 

H:\User Daten\Visual C# Projects\TvWishList\TvWishListGitRepository\TvWishList\TvWishList.Source>REM XCOPY "MP2 TvWishListMP2\TvWishListMP2 Resources\TvWishListMP2 Resources\Language" "..\TvWishList.Release\TvWishListMP2\Language" /S /C /I /Y 

H:\User Daten\Visual C# Projects\TvWishList\TvWishListGitRepository\TvWishList\TvWishList.Source>XCOPY "MP2 TvWishListMP2\TvWishListMP2\TvWishListMP2\MP1 language" "..\TvWishList.Release\language\TvWishListMP" /S /C /I /Y 
MP2 TvWishListMP2\TvWishListMP2\TvWishListMP2\MP1 language\strings_ca.xml
MP2 TvWishListMP2\TvWishListMP2\TvWishListMP2\MP1 language\strings_de.xml
MP2 TvWishListMP2\TvWishListMP2\TvWishListMP2\MP1 language\strings_en.xml
MP2 TvWishListMP2\TvWishListMP2\TvWishListMP2\MP1 language\strings_fr.xml
MP2 TvWishListMP2\TvWishListMP2\TvWishListMP2\MP1 language\strings_id.xml
MP2 TvWishListMP2\TvWishListMP2\TvWishListMP2\MP1 language\strings_lt.xml
MP2 TvWishListMP2\TvWishListMP2\TvWishListMP2\MP1 language\strings_nl.xml
MP2 TvWishListMP2\TvWishListMP2\TvWishListMP2\MP1 language\strings_sk.xml
MP2 TvWishListMP2\TvWishListMP2\TvWishListMP2\MP1 language\strings_sv.xml
9 Datei(en) kopiert

H:\User Daten\Visual C# Projects\TvWishList\TvWishListGitRepository\TvWishList\TvWishList.Source>REM ******************** END RELEASE ******************** 

H:\User Daten\Visual C# Projects\TvWishList\TvWishListGitRepository\TvWishList\TvWishList.Source>CD "..\TvWishList.Release" 

H:\User Daten\Visual C# Projects\TvWishList\TvWishListGitRepository\TvWishList\TvWishList.Release>Install.exe install 

H:\User Daten\Visual C# Projects\TvWishList\TvWishListGitRepository\TvWishList\TvWishList.Release>"C:\Program Files (x86)\Team MediaPortal\MediaPortal TV Server\SetupTv.exe"

H:\User Daten\Visual C# Projects\TvWishList\TvWishListGitRepository\TvWishList\TvWishList.Release>"C:\Program Files\Team MediaPortal\MediaPortal TV Server\SetupTv.exe"
Das System kann den angegebenen Pfad nicht finden.
